BAKE 0 / 37995 corners 24
BAKE 700 / 37995 corners 18663
BAKE 1400 / 37995 corners 43352
BAKE 2100 / 37995 corners 108871
BAKE 2800 / 37995 corners 125671
BAKE 3500 / 37995 corners 142471
BAKE 4200 / 37995 corners 264793
BAKE 4900 / 37995 corners 311445
BAKE 5600 / 37995 corners 471632
BAKE 6300 / 37995 corners 486672
BAKE 7000 / 37995 corners 540352
BAKE 7700 / 37995 corners 646599
BAKE 8400 / 37995 corners 729584
BAKE 9100 / 37995 corners 776673
BAKE 9800 / 37995 corners 825340
BAKE 10500 / 37995 corners 900888
BAKE 11200 / 37995 corners 992864
BAKE 11900 / 37995 corners 1009304
BAKE 12600 / 37995 corners 1041902
BAKE 13300 / 37995 corners 1058148
BAKE 14000 / 37995 corners 1073642
BAKE 14700 / 37995 corners 1091406
BAKE 15400 / 37995 corners 1108747
BAKE 16100 / 37995 corners 1124994
BAKE 16800 / 37995 corners 1141332
BAKE 17500 / 37995 corners 1157530
BAKE 18200 / 37995 corners 1172800
BAKE 18900 / 37995 corners 1190217
BAKE 19600 / 37995 corners 1206917
BAKE 20300 / 37995 corners 1224972
BAKE 21000 / 37995 corners 1242461
BAKE 21700 / 37995 corners 1264185
BAKE 22400 / 37995 corners 1281728
BAKE 23100 / 37995 corners 1297746
BAKE 23800 / 37995 corners 1313212
BAKE 24500 / 37995 corners 1329801
BAKE 25200 / 37995 corners 1347011
BAKE 25900 / 37995 corners 1364418
BAKE 26600 / 37995 corners 1381747
BAKE 27300 / 37995 corners 1398305
BAKE 28000 / 37995 corners 1415370
BAKE 28700 / 37995 corners 1431955
BAKE 29400 / 37995 corners 1448779
BAKE 30100 / 37995 corners 1464448
BAKE 30800 / 37995 corners 1481821
BAKE 31500 / 37995 corners 1509840
BAKE 32200 / 37995 corners 1536526
BAKE 32900 / 37995 corners 1551889
BAKE 33600 / 37995 corners 1577938
BAKE 34300 / 37995 corners 1601169
BAKE 35000 / 37995 corners 1619206
BAKE 35700 / 37995 corners 1636401
BAKE 36400 / 37995 corners 1654103
BAKE 37100 / 37995 corners 1670623
BAKE 37800 / 37995 corners 1686950
Info: Saved "wayfarer-spatial.blend"
Ground shadow bake is stale; export uses geometric fallback until rebaked
Exported 284 objects from authoring/wayfarer-spatial.blend to /workspace/Astraeon-online/world/v3/wayfarer-spatial.json
Baked 1692125 corners on 37995 meshes in 171.8 seconds
Blender 4.3.2
Read blend: "/workspace/Astraeon-online/authoring/wayfarer-spatial.blend"

Blender quit
