{
  "sourceSHA256": "b999c59228786b93f4f6be9c5836f24cb38e108c7c1bd60000cab11414236f85",
  "pass": true,
  "lightingVerified": true,
  "v79OriginalPartsExactOutsideDeclaredGardensCrowns": 42201,
  "v80PreservedGroundFrontageFaces": 3068,
  "structuralHouses": 12,
  "exposedDormerWindows": [
    {
      "id": "capital-townhouse-085",
      "exposedWindows": 1,
      "minimumRoofClearance": 0.1154423337856203
    },
    {
      "id": "capital-residential-073-a",
      "exposedWindows": 1,
      "minimumRoofClearance": 0.2560354411764667
    },
    {
      "id": "capital-market-060",
      "exposedWindows": 3,
      "minimumRoofClearance": 0.11545454545454259
    },
    {
      "id": "capital-residential-052-b",
      "exposedWindows": 1,
      "minimumRoofClearance": 0.2560294117647093
    },
    {
      "id": "capital-workshop-032-b",
      "exposedWindows": 1,
      "minimumRoofClearance": 0.11545454545453726
    },
    {
      "id": "capital-residential-058-a",
      "exposedWindows": 1,
      "minimumRoofClearance": 0.2560294117646995
    }
  ],
  "uniqueStructuralDesigns": 4,
  "allOriginal84TreeRootsAndGeometryAfterV79Exact": true,
  "treePlacements": [
    {
      "id": "capital-garden-tree-v80-00",
      "plantedGround": true,
      "entranceStreetPatrolClear": true,
      "height": 3.1,
      "zone": "west-property"
    },
    {
      "id": "capital-garden-tree-v80-01",
      "plantedGround": true,
      "entranceStreetPatrolClear": true,
      "height": 3.45,
      "zone": "west-property"
    },
    {
      "id": "capital-garden-tree-v80-02",
      "plantedGround": true,
      "entranceStreetPatrolClear": true,
      "height": 3.8,
      "zone": "court-edge"
    },
    {
      "id": "capital-garden-tree-v80-03",
      "plantedGround": true,
      "entranceStreetPatrolClear": true,
      "height": 3.1,
      "zone": "court-edge"
    },
    {
      "id": "capital-garden-tree-v80-04",
      "plantedGround": true,
      "entranceStreetPatrolClear": true,
      "height": 3.45,
      "zone": "willow-property"
    },
    {
      "id": "capital-garden-tree-v80-05",
      "plantedGround": true,
      "entranceStreetPatrolClear": true,
      "height": 3.8,
      "zone": "willow-property"
    },
    {
      "id": "capital-garden-tree-v80-06",
      "plantedGround": true,
      "entranceStreetPatrolClear": true,
      "height": 3.1,
      "zone": "borough-garden"
    },
    {
      "id": "capital-garden-tree-v80-07",
      "plantedGround": true,
      "entranceStreetPatrolClear": true,
      "height": 3.45,
      "zone": "west-common"
    },
    {
      "id": "capital-garden-tree-v80-08",
      "plantedGround": true,
      "entranceStreetPatrolClear": true,
      "height": 3.8,
      "zone": "west-common"
    },
    {
      "id": "capital-garden-tree-v80-09",
      "plantedGround": true,
      "entranceStreetPatrolClear": true,
      "height": 3.1,
      "zone": "west-common"
    }
  ],
  "originalCoreDoorsSheltersTerrainNavigationGameplayExact": true,
  "originalImagesAndResolutionExact": true,
  "visualAcceptance": "Requires source-matched gameplay inspection"
}
