Ground shadow bake is stale; export uses geometric fallback until rebaked
GROUND BAKE 0 / 4096 seconds 0.0
GROUND BAKE 128 / 4096 seconds 1.6
GROUND BAKE 256 / 4096 seconds 3.5
GROUND BAKE 384 / 4096 seconds 12.3
GROUND BAKE 512 / 4096 seconds 21.3
GROUND BAKE 640 / 4096 seconds 33.8
GROUND BAKE 768 / 4096 seconds 49.7
GROUND BAKE 896 / 4096 seconds 65.2
GROUND BAKE 1024 / 4096 seconds 79.8
GROUND BAKE 1152 / 4096 seconds 93.7
GROUND BAKE 1280 / 4096 seconds 107.2
GROUND BAKE 1408 / 4096 seconds 119.5
GROUND BAKE 1536 / 4096 seconds 132.8
GROUND BAKE 1664 / 4096 seconds 145.1
GROUND BAKE 1792 / 4096 seconds 157.7
GROUND BAKE 1920 / 4096 seconds 171.2
GROUND BAKE 2048 / 4096 seconds 184.7
GROUND BAKE 2176 / 4096 seconds 196.5
GROUND BAKE 2304 / 4096 seconds 209.1
GROUND BAKE 2432 / 4096 seconds 221.8
GROUND BAKE 2560 / 4096 seconds 234.1
GROUND BAKE 2688 / 4096 seconds 243.5
GROUND BAKE 2816 / 4096 seconds 255.7
GROUND BAKE 2944 / 4096 seconds 270.0
GROUND BAKE 3072 / 4096 seconds 281.8
GROUND BAKE 3200 / 4096 seconds 291.8
GROUND BAKE 3328 / 4096 seconds 304.2
GROUND BAKE 3456 / 4096 seconds 315.1
GROUND BAKE 3584 / 4096 seconds 324.1
GROUND BAKE 3712 / 4096 seconds 332.6
GROUND BAKE 3840 / 4096 seconds 339.2
GROUND BAKE 3968 / 4096 seconds 341.2
Info: Saved "wayfarer-spatial.blend"
Exported 284 objects from authoring/wayfarer-spatial.blend to /workspace/Astraeon-online/world/v3/wayfarer-spatial.json
Saved native floor shadow bake 12624220 land pixels, 5741331 shadowed; 389.2 seconds
Blender 4.3.2
Read blend: "/workspace/Astraeon-online/authoring/wayfarer-spatial.blend"

Blender quit
