Ground shadow bake is stale; export uses geometric fallback until rebaked
GROUND BAKE 0 / 4096 seconds 0.0
GROUND BAKE 128 / 4096 seconds 2.6
GROUND BAKE 256 / 4096 seconds 4.8
GROUND BAKE 384 / 4096 seconds 14.2
GROUND BAKE 512 / 4096 seconds 24.7
GROUND BAKE 640 / 4096 seconds 41.2
GROUND BAKE 768 / 4096 seconds 59.8
GROUND BAKE 896 / 4096 seconds 76.0
GROUND BAKE 1024 / 4096 seconds 94.6
GROUND BAKE 1152 / 4096 seconds 107.9
GROUND BAKE 1280 / 4096 seconds 119.9
GROUND BAKE 1408 / 4096 seconds 132.4
GROUND BAKE 1536 / 4096 seconds 147.5
GROUND BAKE 1664 / 4096 seconds 158.3
GROUND BAKE 1792 / 4096 seconds 172.3
GROUND BAKE 1920 / 4096 seconds 187.5
GROUND BAKE 2048 / 4096 seconds 199.9
GROUND BAKE 2176 / 4096 seconds 211.5
GROUND BAKE 2304 / 4096 seconds 226.2
GROUND BAKE 2432 / 4096 seconds 238.9
GROUND BAKE 2560 / 4096 seconds 253.5
GROUND BAKE 2688 / 4096 seconds 264.4
GROUND BAKE 2816 / 4096 seconds 278.9
GROUND BAKE 2944 / 4096 seconds 295.7
GROUND BAKE 3072 / 4096 seconds 308.2
GROUND BAKE 3200 / 4096 seconds 319.1
GROUND BAKE 3328 / 4096 seconds 333.0
GROUND BAKE 3456 / 4096 seconds 344.0
GROUND BAKE 3584 / 4096 seconds 352.6
GROUND BAKE 3712 / 4096 seconds 361.2
GROUND BAKE 3840 / 4096 seconds 368.0
GROUND BAKE 3968 / 4096 seconds 370.1
Info: Saved "wayfarer-spatial.blend"
Exported 284 objects from authoring/wayfarer-spatial.blend to /workspace/Astraeon-online/world/v3/wayfarer-spatial.json
Saved native floor shadow bake 12624220 land pixels, 5741120 shadowed; 419.1 seconds
Blender 4.3.2
Read blend: "/workspace/Astraeon-online/authoring/wayfarer-spatial.blend"

Blender quit
