START building-light 17:45:35
END building-light 0
START foliage-light 17:48:40
END foliage-light 0
START ground-light 17:50:28
END ground-light 0
START native-parity 17:57:51
END native-parity 0
START seal-v79 17:59:20
END seal-v79 0
START declared-delta 17:59:20
END declared-delta 0
START architecture 17:59:40
END architecture 0
START assembly 17:59:55
END assembly 0
START density 18:00:14
END density 0
START traversal 18:00:31
END traversal 0
START schema 18:00:36
END schema 0
START node 18:03:21
END node 0
