{
  "beforeSourceSHA256": "e419a8dda195aac8f94b8b1a4d3c7811c734262e657779fef3e29ae86cfdc526",
  "trees": [
    {
      "id": "capital-garden-tree-v80-00",
      "zone": "west-property",
      "position": [
        73.25,
        195.5,
        0.04
      ],
      "height": 3.1,
      "rotation": 0.0,
      "crown": "rounded",
      "radiusBudget": 0.85
    },
    {
      "id": "capital-garden-tree-v80-01",
      "zone": "west-property",
      "position": [
        67.75,
        189.75,
        0.04
      ],
      "height": 3.45,
      "rotation": 2.399963,
      "crown": "upright",
      "radiusBudget": 0.85
    },
    {
      "id": "capital-garden-tree-v80-02",
      "zone": "court-edge",
      "position": [
        98.25,
        211.0,
        0.04
      ],
      "height": 3.8,
      "rotation": 4.799926,
      "crown": "rounded",
      "radiusBudget": 0.85
    },
    {
      "id": "capital-garden-tree-v80-03",
      "zone": "court-edge",
      "position": [
        91.5,
        210.75,
        0.04
      ],
      "height": 3.1,
      "rotation": 0.9167036928204144,
      "crown": "rounded",
      "radiusBudget": 0.85
    },
    {
      "id": "capital-garden-tree-v80-04",
      "zone": "willow-property",
      "position": [
        156.5,
        189.25,
        0.04
      ],
      "height": 3.45,
      "rotation": 3.316666692820414,
      "crown": "upright",
      "radiusBudget": 0.85
    },
    {
      "id": "capital-garden-tree-v80-05",
      "zone": "willow-property",
      "position": [
        153.5,
        189.0,
        0.04
      ],
      "height": 3.8,
      "rotation": 5.716629692820414,
      "crown": "rounded",
      "radiusBudget": 0.85
    },
    {
      "id": "capital-garden-tree-v80-06",
      "zone": "borough-garden",
      "position": [
        170.75,
        223.0,
        0.04
      ],
      "height": 3.1,
      "rotation": 1.8334073856408288,
      "crown": "rounded",
      "radiusBudget": 0.85
    },
    {
      "id": "capital-garden-tree-v80-07",
      "zone": "west-common",
      "position": [
        64.0,
        127.0,
        0.05
      ],
      "height": 3.45,
      "rotation": 4.2333703856408285,
      "crown": "upright",
      "radiusBudget": 0.85
    },
    {
      "id": "capital-garden-tree-v80-08",
      "zone": "west-common",
      "position": [
        62.0,
        125.0,
        0.035
      ],
      "height": 3.8,
      "rotation": 0.35014807846124185,
      "crown": "rounded",
      "radiusBudget": 0.85
    },
    {
      "id": "capital-garden-tree-v80-09",
      "zone": "west-common",
      "position": [
        62.0,
        129.0,
        0.035
      ],
      "height": 3.1,
      "rotation": 2.7501110784612415,
      "crown": "rounded",
      "radiusBudget": 0.85
    }
  ],
  "plantingZones": [
    {
      "zone": "west-property",
      "requested": 2,
      "placed": 2
    },
    {
      "zone": "court-edge",
      "requested": 2,
      "placed": 2
    },
    {
      "zone": "willow-property",
      "requested": 2,
      "placed": 2
    },
    {
      "zone": "borough-garden",
      "requested": 2,
      "placed": 1
    },
    {
      "zone": "west-common",
      "requested": 3,
      "placed": 3
    }
  ],
  "houseDesigns": 4,
  "triangleBudget": 18000,
  "treeTriangleBudget": 15000,
  "originalGroundNavigationAndGameplayRetained": true,
  "entranceClearWidth": 2.2,
  "placementPolicy": "Informal property/garden clusters with varied height/rotation; retain symmetrical royal parterres and avenues. Root in planted ground; crowns and routes clear.",
  "referencePolicy": "RO3 proportions, painted material tone and occupied property adjacency; original Astraeon geometry, no copied assets."
}
