BAKE 0 / 9869 corners 24
BAKE 700 / 9869 corners 50836
BAKE 1400 / 9869 corners 96462
BAKE 2100 / 9869 corners 128569
BAKE 2800 / 9869 corners 145610
BAKE 3500 / 9869 corners 162431
BAKE 4200 / 9869 corners 179323
BAKE 4900 / 9869 corners 201899
BAKE 5600 / 9869 corners 235376
BAKE 6300 / 9869 corners 266232
BAKE 7000 / 9869 corners 301047
BAKE 7700 / 9869 corners 326125
BAKE 8400 / 9869 corners 354617
BAKE 9100 / 9869 corners 366193
BAKE 9800 / 9869 corners 382245
Info: Saved "wayfarer-spatial.blend"
Ground shadow bake is stale; export uses geometric fallback until rebaked
Exported 119 objects from authoring/wayfarer-spatial.blend to C:\Users\Lenovo\Bas\Astra online\world\v3\wayfarer-spatial.json
Baked 387637 corners on 9869 meshes in 14.7 seconds
Read blend: "C:\Users\Lenovo\Bas\Astra online\authoring\wayfarer-spatial.blend"
