TAP version 13
# Subtest: Swordsman resolves every clip, direction and synchronized part
ok 1 - Swordsman resolves every clip, direction and synchronized part
  ---
  duration_ms: 13.397519
  type: 'test'
  ...
# Subtest: Mage resolves every clip, direction and synchronized part
ok 2 - Mage resolves every clip, direction and synchronized part
  ---
  duration_ms: 7.96336
  type: 'test'
  ...
# Subtest: one clip clock handles unequal durations, loop boundaries and non-looping holds
ok 3 - one clip clock handles unequal durations, loop boundaries and non-looping holds
  ---
  duration_ms: 6.609112
  type: 'test'
  ...
# Subtest: swapping a weapon changes one part while preserving shared pose, handedness and timing
ok 4 - swapping a weapon changes one part while preserving shared pose, handedness and timing
  ---
  duration_ms: 4.938214
  type: 'test'
  ...
# Subtest: direction and individual attack frame override default draw order
ok 5 - direction and individual attack frame override default draw order
  ---
  duration_ms: 4.900528
  type: 'test'
  ...
# Subtest: all screen headings resolve by named direction; legacy table indices are never reused
ok 6 - all screen headings resolve by named direction; legacy table indices are never reused
  ---
  duration_ms: 1.21369
  type: 'test'
  ...
# Subtest: validation rejects missing direction
ok 7 - validation rejects missing direction
  ---
  duration_ms: 9.409234
  type: 'test'
  ...
# Subtest: validation rejects wrong direction order
ok 8 - validation rejects wrong direction order
  ---
  duration_ms: 7.734435
  type: 'test'
  ...
# Subtest: validation rejects unordered clip rows
ok 9 - validation rejects unordered clip rows
  ---
  duration_ms: 9.138021
  type: 'test'
  ...
# Subtest: validation rejects missing canonical frame
ok 10 - validation rejects missing canonical frame
  ---
  duration_ms: 8.317584
  type: 'test'
  ...
# Subtest: validation rejects duplicate frame index
ok 11 - validation rejects duplicate frame index
  ---
  duration_ms: 6.461823
  type: 'test'
  ...
# Subtest: validation rejects missing layer frame
ok 12 - validation rejects missing layer frame
  ---
  duration_ms: 6.832333
  type: 'test'
  ...
# Subtest: validation rejects invalid frame naming
ok 13 - validation rejects invalid frame naming
  ---
  duration_ms: 6.478487
  type: 'test'
  ...
# Subtest: validation rejects canvas mismatch
ok 14 - validation rejects canvas mismatch
  ---
  duration_ms: 6.41903
  type: 'test'
  ...
# Subtest: validation rejects missing required layer
ok 15 - validation rejects missing required layer
  ---
  duration_ms: 6.735308
  type: 'test'
  ...
# Subtest: validation rejects invalid root
ok 16 - validation rejects invalid root
  ---
  duration_ms: 10.541393
  type: 'test'
  ...
# Subtest: validation rejects root drift
ok 17 - validation rejects root drift
  ---
  duration_ms: 9.876176
  type: 'test'
  ...
# Subtest: validation rejects invalid socket
ok 18 - validation rejects invalid socket
  ---
  duration_ms: 10.874396
  type: 'test'
  ...
# Subtest: validation rejects missing socket
ok 19 - validation rejects missing socket
  ---
  duration_ms: 10.918212
  type: 'test'
  ...
# Subtest: validation rejects layer timing override
ok 20 - validation rejects layer timing override
  ---
  duration_ms: 10.39749
  type: 'test'
  ...
# Subtest: validation rejects frame timing override
ok 21 - validation rejects frame timing override
  ---
  duration_ms: 9.989805
  type: 'test'
  ...
# Subtest: validation rejects invalid shared duration
ok 22 - validation rejects invalid shared duration
  ---
  duration_ms: 7.032319
  type: 'test'
  ...
# Subtest: validation rejects missing atlas
ok 23 - validation rejects missing atlas
  ---
  duration_ms: 7.150444
  type: 'test'
  ...
# Subtest: validation rejects out of atlas
ok 24 - validation rejects out of atlas
  ---
  duration_ms: 5.659704
  type: 'test'
  ...
# Subtest: validation rejects duplicate draw slot
ok 25 - validation rejects duplicate draw slot
  ---
  duration_ms: 4.523579
  type: 'test'
  ...
# Subtest: validation rejects mirroring
ok 26 - validation rejects mirroring
  ---
  duration_ms: 8.140573
  type: 'test'
  ...
# Subtest: validation rejects missing proof tag
ok 27 - validation rejects missing proof tag
  ---
  duration_ms: 6.936507
  type: 'test'
  ...
# Subtest: validation rejects false approval
ok 28 - validation rejects false approval
  ---
  duration_ms: 4.410331
  type: 'test'
  ...
# Subtest: compiled metadata cannot be edited by a caller after validation
ok 29 - compiled metadata cannot be edited by a caller after validation
  ---
  duration_ms: 5.930786
  type: 'test'
  ...
# Subtest: additional sockets and split weapon slots extend the same contract
ok 30 - additional sockets and split weapon slots extend the same contract
  ---
  duration_ms: 6.604915
  type: 'test'
  ...
# Subtest: compositor draws every part with one stable root/scale and returns registered sockets
ok 31 - compositor draws every part with one stable root/scale and returns registered sockets
  ---
  duration_ms: 5.61664
  type: 'test'
  ...
# Subtest: existing player adapter keeps equipment and socket contracts, and modular visuals require opt-in
ok 32 - existing player adapter keeps equipment and socket contracts, and modular visuals require opt-in
  ---
  duration_ms: 5.859069
  type: 'test'
  ...
# Subtest: atlas loading respects repository prefixes, preloads only selected clips and retries failures
ok 33 - atlas loading respects repository prefixes, preloads only selected clips and retries failures
  ---
  duration_ms: 16.377417
  type: 'test'
  ...
# Subtest: movement parts sample the existing gait, while all skill VFX can share SkillAction
ok 34 - movement parts sample the existing gait, while all skill VFX can share SkillAction
  ---
  duration_ms: 5.939078
  type: 'test'
  ...
1..34
# tests 34
# suites 0
# pass 34
# fail 0
# cancelled 0
# skipped 0
# todo 0
# duration_ms 287.078803
