Ground shadow bake is stale; export uses geometric fallback until rebaked
GROUND BAKE 0 / 4096 seconds 0.0
GROUND BAKE 128 / 4096 seconds 1.5
GROUND BAKE 256 / 4096 seconds 3.4
GROUND BAKE 384 / 4096 seconds 12.4
GROUND BAKE 512 / 4096 seconds 22.1
GROUND BAKE 640 / 4096 seconds 37.1
GROUND BAKE 768 / 4096 seconds 54.2
GROUND BAKE 896 / 4096 seconds 70.3
GROUND BAKE 1024 / 4096 seconds 85.1
GROUND BAKE 1152 / 4096 seconds 98.1
GROUND BAKE 1280 / 4096 seconds 110.1
GROUND BAKE 1408 / 4096 seconds 123.2
GROUND BAKE 1536 / 4096 seconds 137.1
GROUND BAKE 1664 / 4096 seconds 147.4
GROUND BAKE 1792 / 4096 seconds 160.0
GROUND BAKE 1920 / 4096 seconds 173.7
GROUND BAKE 2048 / 4096 seconds 185.9
GROUND BAKE 2176 / 4096 seconds 196.6
GROUND BAKE 2304 / 4096 seconds 210.2
GROUND BAKE 2432 / 4096 seconds 222.4
GROUND BAKE 2560 / 4096 seconds 235.3
GROUND BAKE 2688 / 4096 seconds 246.0
GROUND BAKE 2816 / 4096 seconds 259.3
GROUND BAKE 2944 / 4096 seconds 274.1
GROUND BAKE 3072 / 4096 seconds 294.0
GROUND BAKE 3200 / 4096 seconds 305.7
GROUND BAKE 3328 / 4096 seconds 319.8
GROUND BAKE 3456 / 4096 seconds 331.3
GROUND BAKE 3584 / 4096 seconds 340.1
GROUND BAKE 3712 / 4096 seconds 349.7
GROUND BAKE 3840 / 4096 seconds 356.5
GROUND BAKE 3968 / 4096 seconds 358.5
Info: Saved "wayfarer-spatial.blend"
Exported 286 objects from authoring/wayfarer-spatial.blend to /workspace/Astraeon-online/world/v3/wayfarer-spatial.json
Saved native floor shadow bake 12624220 land pixels, 5741898 shadowed; 406.4 seconds
Blender 4.3.2
Read blend: "/workspace/Astraeon-online/authoring/wayfarer-spatial.blend"

Blender quit
