START geometry-delta 00:35:16
END geometry-delta 0
START prepare-alpha 00:35:31
END prepare-alpha 0
START building-light 00:35:37
END building-light 0
START foliage-light 00:38:50
END foliage-light 0
START ground-light 00:40:10
END ground-light 0
START native-parity 00:47:41
END native-parity 0
START declared-delta 00:48:50
END declared-delta 0
START architecture 00:49:06
END architecture 0
START assembly 00:49:21
END assembly 0
START density 00:49:40
END density 0
START traversal 00:49:58
END traversal 0
START schema 00:50:03
END schema 0
START node 00:52:42
END node 0
