BAKE 0 / 16568 corners 24
BAKE 700 / 16568 corners 26520
BAKE 1400 / 16568 corners 43862
BAKE 2100 / 16568 corners 76450
BAKE 2800 / 16568 corners 93282
BAKE 3500 / 16568 corners 111046
BAKE 4200 / 16568 corners 127970
BAKE 4900 / 16568 corners 145961
BAKE 5600 / 16568 corners 168203
BAKE 6300 / 16568 corners 185581
BAKE 7000 / 16568 corners 202684
BAKE 7700 / 16568 corners 220074
BAKE 8400 / 16568 corners 237435
BAKE 9100 / 16568 corners 255112
BAKE 9800 / 16568 corners 279500
BAKE 10500 / 16568 corners 311053
BAKE 11200 / 16568 corners 325639
BAKE 11900 / 16568 corners 360232
BAKE 12600 / 16568 corners 381742
BAKE 13300 / 16568 corners 399226
BAKE 14000 / 16568 corners 419488
BAKE 14700 / 16568 corners 447764
BAKE 15400 / 16568 corners 459580
BAKE 16100 / 16568 corners 472780
Info: Saved "wayfarer-spatial.blend"
Ground shadow bake is stale; export uses geometric fallback until rebaked
Exported 120 objects from authoring/wayfarer-spatial.blend to /workspace/Astraeon-online/world/v3/wayfarer-spatial.json
Baked 484592 corners on 16568 meshes in 33.2 seconds
Blender 4.3.2
Read blend: "/workspace/Astraeon-online/authoring/wayfarer-spatial.blend"

Blender quit
