BAKE 0 / 9865 corners 24
BAKE 700 / 9865 corners 50836
BAKE 1400 / 9865 corners 96462
BAKE 2100 / 9865 corners 128365
BAKE 2800 / 9865 corners 144802
BAKE 3500 / 9865 corners 161015
BAKE 4200 / 9865 corners 177303
BAKE 4900 / 9865 corners 199603
BAKE 5600 / 9865 corners 232908
BAKE 6300 / 9865 corners 263848
BAKE 7000 / 9865 corners 299387
BAKE 7700 / 9865 corners 323665
BAKE 8400 / 9865 corners 352109
BAKE 9100 / 9865 corners 363741
BAKE 9800 / 9865 corners 379817
Info: Saved "wayfarer-spatial.blend"
Ground shadow bake is stale; export uses geometric fallback until rebaked
Exported 119 objects from authoring/wayfarer-spatial.blend to /workspace/Astraeon-online/world/v3/wayfarer-spatial.json
Baked 385113 corners on 9865 meshes in 16.3 seconds
Blender 4.3.2
Read blend: "/workspace/Astraeon-online/authoring/wayfarer-spatial.blend"

Blender quit
