BAKE 0 / 34206 corners 24
BAKE 700 / 34206 corners 18663
BAKE 1400 / 34206 corners 43352
BAKE 2100 / 34206 corners 108871
BAKE 2800 / 34206 corners 125671
BAKE 3500 / 34206 corners 142471
BAKE 4200 / 34206 corners 269933
BAKE 4900 / 34206 corners 469160
BAKE 5600 / 34206 corners 550445
BAKE 6300 / 34206 corners 729498
BAKE 7000 / 34206 corners 889108
BAKE 7700 / 34206 corners 967924
BAKE 8400 / 34206 corners 985268
BAKE 9100 / 34206 corners 1018036
BAKE 9800 / 34206 corners 1034386
BAKE 10500 / 34206 corners 1050905
BAKE 11200 / 34206 corners 1066588
BAKE 11900 / 34206 corners 1083951
BAKE 12600 / 34206 corners 1100840
BAKE 13300 / 34206 corners 1117570
BAKE 14000 / 34206 corners 1133776
BAKE 14700 / 34206 corners 1149912
BAKE 15400 / 34206 corners 1167420
BAKE 16100 / 34206 corners 1184896
BAKE 16800 / 34206 corners 1200117
BAKE 17500 / 34206 corners 1223881
BAKE 18200 / 34206 corners 1239397
BAKE 18900 / 34206 corners 1256527
BAKE 19600 / 34206 corners 1273934
BAKE 20300 / 34206 corners 1290263
BAKE 21000 / 34206 corners 1306959
BAKE 21700 / 34206 corners 1324048
BAKE 22400 / 34206 corners 1341383
BAKE 23100 / 34206 corners 1358103
BAKE 23800 / 34206 corners 1372388
BAKE 24500 / 34206 corners 1390368
BAKE 25200 / 34206 corners 1408125
BAKE 25900 / 34206 corners 1424908
BAKE 26600 / 34206 corners 1441307
BAKE 27300 / 34206 corners 1457939
BAKE 28000 / 34206 corners 1491862
BAKE 28700 / 34206 corners 1510866
BAKE 29400 / 34206 corners 1528103
BAKE 30100 / 34206 corners 1557832
BAKE 30800 / 34206 corners 1577784
BAKE 31500 / 34206 corners 1595494
BAKE 32200 / 34206 corners 1612731
BAKE 32900 / 34206 corners 1628640
BAKE 33600 / 34206 corners 1646837
Info: Saved "wayfarer-spatial.blend"
Ground shadow bake is stale; export uses geometric fallback until rebaked
Exported 265 objects from authoring/wayfarer-spatial.blend to /workspace/Astraeon-online/world/v3/wayfarer-spatial.json
Baked 1661271 corners on 34206 meshes in 167.6 seconds
Blender 4.3.2
Read blend: "/workspace/Astraeon-online/authoring/wayfarer-spatial.blend"

Blender quit
