Info: Saved "wayfarer-spatial.blend"
Exported 265 objects from authoring/wayfarer-spatial.blend to /workspace/Astraeon-online/world/v3/wayfarer-spatial.json
{"oldFile": "assets/wayfarer-ground-shadow-v75.png", "file": "assets/wayfarer-ground-shadow-v76-frontages.png", "SHA256": "fcd47ba0f39f02b3cb82d66e7f30b3f96c9635993bba531372ae0552aef8ef28", "resolution": 4096, "geometryDigest": "249aabcae5b60ffc51214cd74b8c79dcc0dfc6aefde2add768194581483645a9", "checkpointAtlasRestored": true, "pixelBytesPreserved": true}
Ground shadow bake is stale; export uses geometric fallback until rebaked
PACK capital-council-chambers
PACK capital-grand-archive
PACK capital-infill-000
PACK capital-infill-001
PACK capital-infill-002
PACK capital-infill-003
PACK capital-market-030
PACK capital-market-031-a
PACK capital-market-031-b
PACK capital-market-036
PACK capital-market-059
PACK capital-market-060
PACK capital-market-061-a
PACK capital-market-061-b
PACK capital-market-062-a
PACK capital-market-062-b
PACK capital-market-063
PACK capital-market-064-a
PACK capital-market-064-b
PACK capital-market-065-a
PACK capital-market-065-b
PACK capital-market-066
PACK capital-market-072
PACK capital-neighborhood-001
PACK capital-neighborhood-002
PACK capital-neighborhood-004
PACK capital-neighborhood-005
PACK capital-neighborhood-007
PACK capital-neighborhood-008
PACK capital-neighborhood-009
PACK capital-neighborhood-011
PACK capital-neighborhood-013
PACK capital-neighborhood-015
PACK capital-neighborhood-016
PACK capital-neighborhood-019
PACK capital-neighborhood-020
PACK capital-neighborhood-021
PACK capital-neighborhood-022
PACK capital-neighborhood-023
PACK capital-neighborhood-024
PACK capital-neighborhood-025
PACK capital-neighborhood-026
PACK capital-neighborhood-028
PACK capital-neighborhood-029
PACK capital-neighborhood-030
PACK capital-neighborhood-031
PACK capital-residential-028-a
PACK capital-residential-028-b
PACK capital-residential-029-a
PACK capital-residential-029-b
PACK capital-residential-035-a
PACK capital-residential-035-b
PACK capital-residential-039
PACK capital-residential-040-a
PACK capital-residential-040-b
PACK capital-residential-041-a
PACK capital-residential-041-b
PACK capital-residential-042
PACK capital-residential-043-a
PACK capital-residential-043-b
PACK capital-residential-044-a
PACK capital-residential-044-b
PACK capital-residential-046-b
PACK capital-residential-047
PACK capital-residential-048
PACK capital-residential-049-a
PACK capital-residential-049-b
PACK capital-residential-050-a
PACK capital-residential-050-b
PACK capital-residential-051
PACK capital-residential-052-a
PACK capital-residential-052-b
PACK capital-residential-058-a
PACK capital-residential-058-b
PACK capital-residential-067-a
PACK capital-residential-068-a
PACK capital-residential-068-b
PACK capital-residential-070-a
PACK capital-residential-070-b
PACK capital-residential-071
PACK capital-residential-073-a
PACK capital-residential-073-b
PACK capital-residential-074-a
PACK capital-residential-074-b
PACK capital-residential-075
PACK capital-residential-076-a
PACK capital-residential-076-b
PACK capital-residential-077-a
PACK capital-residential-077-b
PACK capital-townhouse-078
PACK capital-townhouse-079
PACK capital-townhouse-080
PACK capital-townhouse-081
PACK capital-townhouse-082
PACK capital-townhouse-083
PACK capital-townhouse-084
PACK capital-townhouse-085
PACK capital-townhouse-086
PACK capital-townhouse-087
PACK capital-townhouse-088
PACK capital-townhouse-089
PACK capital-townhouse-090
PACK capital-townhouse-091
PACK capital-townhouse-092
PACK capital-townhouse-093
PACK capital-townhouse-094
PACK capital-townhouse-095
PACK capital-trade-exchange
PACK capital-workshop-032-a
PACK capital-workshop-032-b
PACK capital-workshop-034-a
PACK capital-workshop-034-b
PACK capital-workshop-037-a
PACK capital-workshop-037-b
PACK capital-workshop-038-a
PACK capital-workshop-038-b
PACK capital-workshop-053-a
PACK capital-workshop-053-b
PACK capital-workshop-054
PACK capital-workshop-055-a
PACK capital-workshop-055-b
PACK capital-workshop-056-a
PACK capital-workshop-056-b
PACK capital-workshop-057
Info: Saved "wayfarer-spatial.blend"
Ground shadow bake is stale; export uses geometric fallback until rebaked
Exported 265 objects from authoring/wayfarer-spatial.blend to /workspace/Astraeon-online/world/v3/wayfarer-spatial.json
Native component packing {"before": 37186, "after": 2155, "editableComponentGroups": 36481, "faceGeometryAndUVsRetained": true, "inheritedAssembliesUntouched": true}
Grounded workbenches; clear glazing: 17
Blender 4.3.2
Read blend: "/workspace/Astraeon-online/authoring/wayfarer-spatial.blend"

Blender quit
