{
  "beforeSourceSHA256": "322639d38882c1dcc83a275852a43a1125c1deef7b49af45d2cf7d92bd301c5e",
  "owner": "capital-grass-ingress-v76",
  "triangles": 3600,
  "triangleBudget": 4000,
  "counts": {
    "lawn": 800,
    "joint": 400
  },
  "jointTexture": {
    "file": "assets/wayfarer-street-stone-v70.webp",
    "grid": [
      1,
      1
    ],
    "tile": 0,
    "worldSize": 3.2,
    "paletteDetail": 0.76,
    "meanLinearRGB": [
      0.3705864,
      0.3041604,
      0.2180827
    ],
    "anisotropy": 4
  },
  "jointTextureSHA256": "ef36d39defc7765739ae277b502471b959c75308f33ca2838f437c413b6e1175",
  "jointMaximumLuma": 103,
  "maximumCurbDistance": 0.49,
  "maximumPlantingDistance": 0.8,
  "grassTextureMeanLinearRGB": [
    0.27308002599781683,
    0.3226581068101975,
    0.07672974278082538
  ],
  "grassTextureSHA256": "186afc2d0b1475c65b4bd94cf8b7d244144c2866203687f3b8b59558f7901bb1",
  "entranceClearWidth": 2.34,
  "additionalTextures": 0,
  "additionalObstacles": 0
}
