Ground shadow bake is stale; export uses geometric fallback until rebaked
GROUND BAKE 0 / 4096 seconds 0.0
GROUND BAKE 128 / 4096 seconds 1.6
GROUND BAKE 256 / 4096 seconds 3.5
GROUND BAKE 384 / 4096 seconds 12.9
GROUND BAKE 512 / 4096 seconds 22.2
GROUND BAKE 640 / 4096 seconds 38.4
GROUND BAKE 768 / 4096 seconds 59.5
GROUND BAKE 896 / 4096 seconds 77.3
GROUND BAKE 1024 / 4096 seconds 97.0
GROUND BAKE 1152 / 4096 seconds 108.8
GROUND BAKE 1280 / 4096 seconds 120.1
GROUND BAKE 1408 / 4096 seconds 136.2
GROUND BAKE 1536 / 4096 seconds 151.5
GROUND BAKE 1664 / 4096 seconds 161.5
GROUND BAKE 1792 / 4096 seconds 173.3
GROUND BAKE 1920 / 4096 seconds 186.8
GROUND BAKE 2048 / 4096 seconds 198.9
GROUND BAKE 2176 / 4096 seconds 210.5
GROUND BAKE 2304 / 4096 seconds 222.9
GROUND BAKE 2432 / 4096 seconds 234.8
GROUND BAKE 2560 / 4096 seconds 247.0
GROUND BAKE 2688 / 4096 seconds 256.2
GROUND BAKE 2816 / 4096 seconds 268.7
GROUND BAKE 2944 / 4096 seconds 284.3
GROUND BAKE 3072 / 4096 seconds 298.0
GROUND BAKE 3200 / 4096 seconds 309.5
GROUND BAKE 3328 / 4096 seconds 323.2
GROUND BAKE 3456 / 4096 seconds 334.4
GROUND BAKE 3584 / 4096 seconds 347.5
GROUND BAKE 3712 / 4096 seconds 356.4
GROUND BAKE 3840 / 4096 seconds 366.5
GROUND BAKE 3968 / 4096 seconds 370.8
Info: Saved "wayfarer-spatial.blend"
Exported 266 objects from authoring/wayfarer-spatial.blend to /workspace/Astraeon-online/world/v3/wayfarer-spatial.json
Saved native floor shadow bake 12624220 land pixels, 4829702 shadowed; 432.7 seconds
Blender 4.3.2
Read blend: "/workspace/Astraeon-online/authoring/wayfarer-spatial.blend"

Blender quit
