START native-parity 12:01:17
END native-parity 0 12:02:48
START geometry 12:02:48
END geometry 0 12:03:01
START assembly 12:03:01
END assembly 0 12:03:20
START density 12:03:20
END density 0 12:03:37
START traversal 12:03:37
END traversal 0 12:03:43
START schemas 12:03:43
END schemas 0 12:06:13
START node-checks 12:06:13
END node-checks 0 12:06:31
START blueprint 12:06:31
END blueprint 0 12:06:39
START property-preservation 12:06:39
END property-preservation 0 12:07:04
START landscape 12:07:04
END landscape 0 12:07:22
START grass-ingress 12:07:22
END grass-ingress 0 12:07:41
START plaza-life 12:07:41
END plaza-life 0 12:07:51
