{
  "beforeSourceSHA256": "a8872a1daf7caa5076e2fa2cf5f52b55a75597a833e85d4b01bd109717b216a3",
  "owner": "astral-fountain",
  "beforeWalkerCount": 28,
  "afterWalkerCount": 36,
  "walkers": [
    {
      "id": "capital-plaza-life-south-watch",
      "waypoints": 4
    },
    {
      "id": "capital-plaza-life-north-watch",
      "waypoints": 4
    },
    {
      "id": "capital-plaza-life-herbalist-visitor",
      "waypoints": 4
    },
    {
      "id": "capital-plaza-life-academy-pilgrim",
      "waypoints": 4
    },
    {
      "id": "capital-plaza-life-market-courier",
      "waypoints": 4
    },
    {
      "id": "capital-plaza-life-inn-patron",
      "waypoints": 4
    },
    {
      "id": "capital-plaza-life-square-traveller",
      "waypoints": 4
    },
    {
      "id": "capital-plaza-life-archive-messenger",
      "waypoints": 4
    }
  ],
  "checkedPathSamples": 1032,
  "actorRadius": 0.28,
  "existingActorArtwork": [
    "warrior",
    "mage",
    "ranger"
  ],
  "additionalImages": 0,
  "purpose": "Local royal watch, visitors and couriers around the plaza and its frontages; original activity for Wayfarer, not copied NPC identities.",
  "existingActorsUnchanged": true,
  "additionalGameplayObstacles": 0,
  "additionalStaticTriangles": 0
}
