{
  "sourceSHA256": "e97f4333ac193196cf61b68765f3218d9fc98d1c12433c03b875187f5c3ce114",
  "baselineSHA256": "ad5956f55b4a4d1fb00c665754f5bc28f13b001a7f1456bf0e6c3e01894155dc",
  "changedProperties": 46,
  "uses": {
    "gable-entry": 6,
    "shed-entry": 3,
    "carpenter": 17,
    "shuttered-oriel": 2,
    "apothecary": 4,
    "provisioner": 10,
    "clothier": 4
  },
  "unchangedOtherMeshParts": 39757,
  "preservedSolids": 827,
  "preservedDoorLeaves": 161,
  "preservedWalkers": 28,
  "publicAndPrivateFloorsExactlyPreserved": false,
  "allAnchorsExactlyPreserved": false,
  "existingTextureSpecificationsExactlyPreserved": true,
  "addedStaticTriangles": 47337,
  "staticTriangleIncreasePercent": 5.37,
  "revisedTreeCrowns": 78,
  "treeRootsAndAllOtherTreePartsExactlyPreserved": true,
  "floorAtlasResolution": 4096,
  "exportBytes": 95574459,
  "pass": true,
  "visualAcceptance": "Requires source-matched gameplay review",
  "plazaEnclosure": {
    "translatedWholeProperties": 4,
    "privateExtensionArea": 314.39221526433766,
    "retainedRoadWidths": {
      "royal-boulevard-north": 14,
      "royal-boulevard-south": 14,
      "royal-cross-west": 12,
      "royal-cross-east": 12,
      "capital-circuit": 10,
      "north-arrival": 9,
      "north-civic-road": 8,
      "hall-avenue": 8,
      "district-cross-north": 8,
      "district-cross-south": 8,
      "commons-cross": 8,
      "civic-west": 8,
      "civic-east": 8,
      "west-district-spine": 9,
      "east-district-spine": 9
    },
    "editedPublicFloors": [
      "capital-royal-plaza"
    ],
    "maximumTranslationRoundingError": 2.0000000006348273e-05,
    "allOtherFloorsAndAnchorsExactlyPreserved": true,
    "reroutedExistingResident": "capital-resident-12"
  }
}
