c-1_4 130 432
c0_0 8060 36304
c0_1 105162 376596
c0_2 94071 367840
c0_3 129535 462272
c0_4 275033 1274716
c0_5 94810 366148
c0_6 93442 366976
c0_7 72603 296612
c0_8 6543 25712
c1_0 41956 201296
c1_1 535724 2608776
c1_2 483579 2308988
c1_3 499109 2063200
c1_4 329100 1448220
c1_5 439233 1943824
c1_6 822229 3582520
c1_7 374347 1678832
c1_8 35450 189984
c2_0 37053 192976
c2_1 455423 2673564
c2_2 922334 3925736
c2_3 971496 3738836
c2_4 437491 1865884
c2_5 704760 2860288
c2_6 808827 3673312
c2_7 398546 1547132
c2_8 33927 181552
c3_0 41705 206992
c3_1 982862 4160004
c3_2 380268 1468724
c3_3 707660 3165412
c3_4 362083 1481236
c3_5 649670 2926872
c3_6 617485 2564164
c3_7 310282 1232040
c3_8 100691 393476
c4_0 44108 207472
c4_1 976679 4078152
c4_2 293962 1089520
c4_3 769721 3389464
c4_4 386406 1670116
c4_5 460117 1977872
c4_6 753351 3309568
c4_7 454822 1864208
c4_8 99689 394220
c5_0 37142 192976
c5_1 599756 3237300
c5_2 531675 2711888
c5_3 705699 3272484
c5_4 482338 1900908
c5_5 539846 2158740
c5_6 579005 2586764
c5_7 414344 1762836
c5_8 62614 270136
c6_0 42512 202656
c6_1 553988 2810892
c6_2 303363 1424100
c6_3 449633 1868048
c6_4 378525 1691332
c6_5 460785 2030196
c6_6 380093 1771580
c6_7 219004 962660
c6_8 40069 191216
c7_0 9112 37652
c7_1 108049 395488
c7_2 96194 389584
c7_3 96484 392528
c7_4 243804 1138120
c7_5 127046 468508
c7_6 94907 387424
c7_7 72728 306948
c7_8 6403 24568
c8_4 240 864
global 206 672
{
  "sourceSHA256": "a8872a1daf7caa5076e2fa2cf5f52b55a75597a833e85d4b01bd109717b216a3",
  "conversionSHA256": "a3e4dcf054fe4d26f50b98d7fbf47eb2a10a5efdf8c7c17d2e7a59c59904e823",
  "chunks": 75,
  "triangles": 1371813,
  "rawBytes": 110427108,
  "compressedBytes": 25237098,
  "semanticsBytes": 968622,
  "zoneManifestBytes": 30934,
  "assetCount": 24,
  "sourceUnchanged": true
}
