START building-light 11:09:47
END building-light 0 11:13:08
START foliage-light 11:13:08
END foliage-light 0 11:14:46
START ground-light 11:14:46
END ground-light 0 11:23:01
START native-parity 11:23:01
END native-parity 0 11:24:24
START geometry 11:24:24
END geometry 0 11:24:38
START assembly 11:24:38
END assembly 0 11:24:57
START density 11:24:57
END density 0 11:25:13
START traversal 11:25:13
END traversal 0 11:25:18
START schemas 11:25:18
END schemas 0 11:27:52
START node-checks 11:27:52
END node-checks 0 11:28:04
START blueprint 11:28:04
END blueprint 0 11:28:12
START property-preservation 11:28:12
END property-preservation 1 11:28:33
START property-preservation 11:30:16
END property-preservation 0 11:30:36
START landscape 11:30:36
END landscape 0 11:30:49
START grass-ingress 11:30:49
END grass-ingress 0 11:31:08
