START building-light 06:59:44
END building-light 0 07:02:50
START foliage-light 07:02:50
END foliage-light 0 07:04:33
START ground-light 07:04:33
END ground-light 0 07:11:54
START native-parity 07:11:54
END native-parity 0 07:13:11
START geometry 07:13:11
END geometry 0 07:13:25
START assembly 07:13:25
END assembly 0 07:13:42
START density 07:13:42
END density 0 07:13:59
START traversal 07:13:59
END traversal 0 07:14:06
START schemas 07:14:06
END schemas 0 07:16:37
START node-checks 07:16:37
END node-checks 0 07:16:49
START blueprint 07:16:49
END blueprint 0 07:16:58
START property-preservation 07:16:58
END property-preservation 1 07:17:19
START property-preservation 07:20:48
END property-preservation 0 07:21:07
START landscape 07:21:07
END landscape 1 07:21:19
START landscape 07:24:03
END landscape 0 07:24:19
