BAKE 0 / 34244 corners 24
BAKE 700 / 34244 corners 18663
BAKE 1400 / 34244 corners 43352
BAKE 2100 / 34244 corners 89309
BAKE 2800 / 34244 corners 106109
BAKE 3500 / 34244 corners 122909
BAKE 4200 / 34244 corners 241699
BAKE 4900 / 34244 corners 534649
BAKE 5600 / 34244 corners 645849
BAKE 6300 / 34244 corners 862507
BAKE 7000 / 34244 corners 1043765
BAKE 7700 / 34244 corners 1162443
BAKE 8400 / 34244 corners 1178635
BAKE 9100 / 34244 corners 1212155
BAKE 9800 / 34244 corners 1228567
BAKE 10500 / 34244 corners 1245125
BAKE 11200 / 34244 corners 1260699
BAKE 11900 / 34244 corners 1278350
BAKE 12600 / 34244 corners 1295359
BAKE 13300 / 34244 corners 1311751
BAKE 14000 / 34244 corners 1327949
BAKE 14700 / 34244 corners 1344031
BAKE 15400 / 34244 corners 1361539
BAKE 16100 / 34244 corners 1379015
BAKE 16800 / 34244 corners 1394595
BAKE 17500 / 34244 corners 1417504
BAKE 18200 / 34244 corners 1433875
BAKE 18900 / 34244 corners 1450813
BAKE 19600 / 34244 corners 1468261
BAKE 20300 / 34244 corners 1484382
BAKE 21000 / 34244 corners 1501078
BAKE 21700 / 34244 corners 1518167
BAKE 22400 / 34244 corners 1535555
BAKE 23100 / 34244 corners 1552222
BAKE 23800 / 34244 corners 1567061
BAKE 24500 / 34244 corners 1584423
BAKE 25200 / 34244 corners 1602236
BAKE 25900 / 34244 corners 1619027
BAKE 26600 / 34244 corners 1635554
BAKE 27300 / 34244 corners 1651282
BAKE 28000 / 34244 corners 1684581
BAKE 28700 / 34244 corners 1704993
BAKE 29400 / 34244 corners 1722384
BAKE 30100 / 34244 corners 1751187
BAKE 30800 / 34244 corners 1771879
BAKE 31500 / 34244 corners 1789663
BAKE 32200 / 34244 corners 1806842
BAKE 32900 / 34244 corners 1822983
BAKE 33600 / 34244 corners 1840956
Info: Saved "wayfarer-spatial.blend"
Ground shadow bake is stale; export uses geometric fallback until rebaked
Exported 276 objects from authoring/wayfarer-spatial.blend to /workspace/Astraeon-online/world/v3/wayfarer-spatial.json
Baked 1856286 corners on 34244 meshes in 202.7 seconds
Blender 4.3.2
Read blend: "/workspace/Astraeon-online/authoring/wayfarer-spatial.blend"

Blender quit
