BAKE 0 / 34252 corners 24
BAKE 700 / 34252 corners 18663
BAKE 1400 / 34252 corners 43352
BAKE 2100 / 34252 corners 89525
BAKE 2800 / 34252 corners 106325
BAKE 3500 / 34252 corners 123125
BAKE 4200 / 34252 corners 231279
BAKE 4900 / 34252 corners 529063
BAKE 5600 / 34252 corners 652591
BAKE 6300 / 34252 corners 863491
BAKE 7000 / 34252 corners 1044725
BAKE 7700 / 34252 corners 1163715
BAKE 8400 / 34252 corners 1180027
BAKE 9100 / 34252 corners 1213427
BAKE 9800 / 34252 corners 1229894
BAKE 10500 / 34252 corners 1246469
BAKE 11200 / 34252 corners 1261971
BAKE 11900 / 34252 corners 1279742
BAKE 12600 / 34252 corners 1296631
BAKE 13300 / 34252 corners 1313119
BAKE 14000 / 34252 corners 1329229
BAKE 14700 / 34252 corners 1345303
BAKE 15400 / 34252 corners 1362811
BAKE 16100 / 34252 corners 1380287
BAKE 16800 / 34252 corners 1395987
BAKE 17500 / 34252 corners 1417852
BAKE 18200 / 34252 corners 1435252
BAKE 18900 / 34252 corners 1452135
BAKE 19600 / 34252 corners 1469553
BAKE 20300 / 34252 corners 1485662
BAKE 21000 / 34252 corners 1502358
BAKE 21700 / 34252 corners 1519439
BAKE 22400 / 34252 corners 1536827
BAKE 23100 / 34252 corners 1553494
BAKE 23800 / 34252 corners 1568453
BAKE 24500 / 34252 corners 1585858
BAKE 25200 / 34252 corners 1603516
BAKE 25900 / 34252 corners 1620299
BAKE 26600 / 34252 corners 1636644
BAKE 27300 / 34252 corners 1652372
BAKE 28000 / 34252 corners 1685397
BAKE 28700 / 34252 corners 1706265
BAKE 29400 / 34252 corners 1723656
BAKE 30100 / 34252 corners 1752023
BAKE 30800 / 34252 corners 1773161
BAKE 31500 / 34252 corners 1790943
BAKE 32200 / 34252 corners 1808216
BAKE 32900 / 34252 corners 1824275
BAKE 33600 / 34252 corners 1842228
Info: Saved "wayfarer-spatial.blend"
Ground shadow bake is stale; export uses geometric fallback until rebaked
Exported 278 objects from authoring/wayfarer-spatial.blend to /workspace/Astraeon-online/world/v3/wayfarer-spatial.json
Baked 1857750 corners on 34252 meshes in 225.1 seconds
Blender 4.3.2
Read blend: "/workspace/Astraeon-online/authoring/wayfarer-spatial.blend"

Blender quit
