CAPITAL HOUSES 0 / 99
CAPITAL HOUSES 10 / 99
CAPITAL HOUSES 20 / 99
CAPITAL HOUSES 30 / 99
CAPITAL HOUSES 40 / 99
CAPITAL HOUSES 50 / 99
CAPITAL HOUSES 60 / 99
CAPITAL HOUSES 70 / 99
CAPITAL HOUSES 80 / 99
CAPITAL HOUSES 90 / 99
CIVIC capital-council-chambers
CIVIC capital-grand-archive
CIVIC capital-trade-exchange
Info: Saved "wayfarer-spatial.blend"
Ground shadow bake is stale; export uses geometric fallback until rebaked
Exported 239 objects from authoring/wayfarer-spatial.blend to /workspace/Astraeon-online/world/v3/wayfarer-spatial.json
CAPITAL SAVED {"newHouses": 99, "existingHouses": 37, "totalHouses": 136, "newTrees": 76, "landArea": 54848.0, "wallStations": 210, "originalAssembliesReorganized": true}
Blender 4.3.2
Read blend: "/workspace/Astraeon-online/authoring/wayfarer-spatial.blend"

Blender quit
