Ground shadow bake is stale; export uses geometric fallback until rebaked
GROUND BAKE 0 / 4096 seconds 0.0
GROUND BAKE 128 / 4096 seconds 1.5
GROUND BAKE 256 / 4096 seconds 3.3
GROUND BAKE 384 / 4096 seconds 11.3
GROUND BAKE 512 / 4096 seconds 19.5
GROUND BAKE 640 / 4096 seconds 31.4
GROUND BAKE 768 / 4096 seconds 44.5
GROUND BAKE 896 / 4096 seconds 58.2
GROUND BAKE 1024 / 4096 seconds 70.3
GROUND BAKE 1152 / 4096 seconds 80.6
GROUND BAKE 1280 / 4096 seconds 91.2
GROUND BAKE 1408 / 4096 seconds 102.2
GROUND BAKE 1536 / 4096 seconds 114.1
GROUND BAKE 1664 / 4096 seconds 123.5
GROUND BAKE 1792 / 4096 seconds 135.2
GROUND BAKE 1920 / 4096 seconds 146.8
GROUND BAKE 2048 / 4096 seconds 157.5
GROUND BAKE 2176 / 4096 seconds 166.9
GROUND BAKE 2304 / 4096 seconds 178.5
GROUND BAKE 2432 / 4096 seconds 189.6
GROUND BAKE 2560 / 4096 seconds 201.5
GROUND BAKE 2688 / 4096 seconds 210.3
GROUND BAKE 2816 / 4096 seconds 221.8
GROUND BAKE 2944 / 4096 seconds 233.9
GROUND BAKE 3072 / 4096 seconds 244.1
GROUND BAKE 3200 / 4096 seconds 254.5
GROUND BAKE 3328 / 4096 seconds 267.0
GROUND BAKE 3456 / 4096 seconds 275.9
GROUND BAKE 3584 / 4096 seconds 283.6
GROUND BAKE 3712 / 4096 seconds 291.7
GROUND BAKE 3840 / 4096 seconds 297.9
GROUND BAKE 3968 / 4096 seconds 299.7
Info: Saved "wayfarer-spatial.blend"
Exported 278 objects from authoring/wayfarer-spatial.blend to /workspace/Astraeon-online/world/v3/wayfarer-spatial.json
Saved native floor shadow bake 12624220 land pixels, 4999316 shadowed; 345.7 seconds
Blender 4.3.2
Read blend: "/workspace/Astraeon-online/authoring/wayfarer-spatial.blend"

Blender quit
