Ground shadow bake is stale; export uses geometric fallback until rebaked
GROUND BAKE 0 / 4096 seconds 0.0
GROUND BAKE 128 / 4096 seconds 1.5
GROUND BAKE 256 / 4096 seconds 3.4
GROUND BAKE 384 / 4096 seconds 12.4
GROUND BAKE 512 / 4096 seconds 21.5
GROUND BAKE 640 / 4096 seconds 32.6
GROUND BAKE 768 / 4096 seconds 45.9
GROUND BAKE 896 / 4096 seconds 61.1
GROUND BAKE 1024 / 4096 seconds 80.5
GROUND BAKE 1152 / 4096 seconds 94.1
GROUND BAKE 1280 / 4096 seconds 106.1
GROUND BAKE 1408 / 4096 seconds 120.9
GROUND BAKE 1536 / 4096 seconds 134.5
GROUND BAKE 1664 / 4096 seconds 146.4
GROUND BAKE 1792 / 4096 seconds 162.8
GROUND BAKE 1920 / 4096 seconds 179.7
GROUND BAKE 2048 / 4096 seconds 191.7
GROUND BAKE 2176 / 4096 seconds 204.3
GROUND BAKE 2304 / 4096 seconds 217.3
GROUND BAKE 2432 / 4096 seconds 232.3
GROUND BAKE 2560 / 4096 seconds 249.4
GROUND BAKE 2688 / 4096 seconds 261.7
GROUND BAKE 2816 / 4096 seconds 276.6
GROUND BAKE 2944 / 4096 seconds 293.0
GROUND BAKE 3072 / 4096 seconds 307.2
GROUND BAKE 3200 / 4096 seconds 320.5
GROUND BAKE 3328 / 4096 seconds 335.9
GROUND BAKE 3456 / 4096 seconds 345.7
GROUND BAKE 3584 / 4096 seconds 354.1
GROUND BAKE 3712 / 4096 seconds 362.4
GROUND BAKE 3840 / 4096 seconds 369.1
GROUND BAKE 3968 / 4096 seconds 371.3
Info: Saved "wayfarer-spatial.blend"
Exported 276 objects from authoring/wayfarer-spatial.blend to /workspace/Astraeon-online/world/v3/wayfarer-spatial.json
Saved native floor shadow bake 12624220 land pixels, 4928087 shadowed; 430.5 seconds
Blender 4.3.2
Read blend: "/workspace/Astraeon-online/authoring/wayfarer-spatial.blend"

Blender quit
