ROW west-district-spine -1 84 108 3
ROW west-district-spine 1 84 108 3
ROW west-district-spine 1 116 137 3
ROW west-district-spine -1 151 180 4
ROW west-district-spine 1 151 180 4
ROW west-district-spine -1 188 212 4
ROW west-district-spine 1 188 212 4
ROW west-district-spine -1 220 236 2
ROW west-district-spine 1 220 236 2
ROW east-district-spine -1 84 108 3
ROW east-district-spine -1 116 137 3
ROW east-district-spine -1 151 180 3
ROW east-district-spine 1 151 180 1
ROW east-district-spine -1 188 212 4
ROW east-district-spine 1 188 212 3
ROW east-district-spine -1 220 236 2
ROW east-district-spine 1 220 236 2
ROW royal-boulevard-south -1 161 180 2
ROW royal-boulevard-south 1 161 180 2
ROW royal-boulevard-south -1 188 212 2
ROW royal-boulevard-south 1 188 212 2
ROW royal-boulevard-south -1 220 236 1
ROW royal-boulevard-south 1 220 236 1
ROW royal-boulevard-north -1 84 108 1
ROW royal-boulevard-north 1 84 108 1
ROW royal-boulevard-north -1 116 127 1
ROW royal-boulevard-north 1 116 127 1
ROW inner-west-street -1 97 108 1
ROW inner-west-street -1 116 137 3
ROW inner-west-street -1 151 180 4
ROW inner-west-street 1 151 180 1
ROW inner-west-street -1 188 212 4
ROW inner-west-street 1 188 212 1
ROW inner-west-street -1 220 236 1
ROW inner-west-street 1 220 236 1
ROW inner-east-street 1 97 108 1
ROW inner-east-street 1 116 137 3
ROW inner-east-street 1 151 180 2
ROW inner-east-street 1 188 212 3
ROW inner-east-street 1 220 236 2
ROW capital-circuit 1 84 108 3
ROW capital-circuit 1 116 137 3
ROW capital-circuit -1 151 180 1
ROW capital-circuit 1 151 180 4
ROW capital-circuit -1 188 212 2
ROW capital-circuit 1 188 212 3
ROW capital-circuit -1 220 236 2
ROW capital-circuit 1 220 236 2
ROW capital-circuit -1 84 108 3
ROW capital-circuit 1 84 108 3
ROW capital-circuit -1 116 137 3
ROW capital-circuit -1 151 180 4
ROW capital-circuit 1 151 180 4
ROW capital-circuit -1 188 212 3
ROW capital-circuit 1 188 212 3
ROW capital-circuit -1 220 236 2
ROW capital-circuit 1 220 236 2
NEIGHBORHOOD PLAN 172 homes; 131 complete modules reorganized; 32 new homes
NATIVE PLAN 45 existing assemblies; 43 retained contact meshes; 418 clipped floors; 50 closed blocks
ROYAL PLAN 172 houses 37 existing 135 new; land 54848.0
