✔ world heading 0° converges with bounded rotation and forward hit geometry (4.675982ms)
✔ dodge/attack-independent aim 0° (0.889699ms)
✔ world heading 17° converges with bounded rotation and forward hit geometry (1.863339ms)
✔ dodge/attack-independent aim 17° (0.781371ms)
✔ world heading 45° converges with bounded rotation and forward hit geometry (0.70215ms)
✔ dodge/attack-independent aim 45° (0.478127ms)
✔ world heading 90° converges with bounded rotation and forward hit geometry (0.730153ms)
✔ dodge/attack-independent aim 90° (0.196169ms)
✔ world heading 135° converges with bounded rotation and forward hit geometry (0.441363ms)
✔ dodge/attack-independent aim 135° (0.83071ms)
✔ world heading 180° converges with bounded rotation and forward hit geometry (0.384144ms)
✔ dodge/attack-independent aim 180° (0.364387ms)
✔ world heading 225° converges with bounded rotation and forward hit geometry (0.29085ms)
✔ dodge/attack-independent aim 225° (0.271331ms)
✔ world heading 247° converges with bounded rotation and forward hit geometry (0.234435ms)
✔ dodge/attack-independent aim 247° (0.193941ms)
✔ world heading 270° converges with bounded rotation and forward hit geometry (0.224188ms)
✔ dodge/attack-independent aim 270° (0.260637ms)
✔ world heading 315° converges with bounded rotation and forward hit geometry (0.235565ms)
✔ dodge/attack-independent aim 315° (0.274091ms)
✔ world heading 359° converges with bounded rotation and forward hit geometry (1.109523ms)
✔ dodge/attack-independent aim 359° (0.214551ms)
✔ camera-relative input preserves arbitrary angles, diagonal normalization and analog speed (0.895947ms)
✔ stance feet remain planted in world space while the root moves (1.07434ms)
✔ teleport resets contacts without inventing movement; elevation is separate (1.366968ms)
✔ turning uses the shortest path across 359° / 0° (0.398011ms)
✔ movement distance and gait are independent of update rate (1.207089ms)
✔ projectile collision uses swept travel and respects facing (0.823506ms)
✔ authored dungeon rooms unlock through contiguous traversable passages (3.134121ms)
✔ boss sweep excludes the rear, charge lanes exclude safe flanks, and seals lock their target (0.373997ms)
✔ swept hostile travel catches contact between frames and misses a dodge beside the lane (0.120851ms)
✔ supply discoveries award once and remain claimed after save reload (0.481609ms)
✔ legacy saves retain progression and class IDs while missing fields gain safe defaults (1.468787ms)
✔ malformed save values cannot create invalid HUD indices, resources or coordinates (0.229381ms)
✔ click navigation routes through authored passages without crossing walls or cutting corners (54.111717ms)
✔ click navigation can approach a sealed gate within the interaction radius (4.413027ms)
✔ player projectiles stop at walls before damaging a target behind them (0.440845ms)
✔ projectile muzzle offset cannot skip a thin adjacent wall (0.412847ms)
✔ Golden streets clear physical foundations across their authored width (211.914788ms)
✔ painted attack motion anticipates contact and settles during recovery (0.775966ms)
✔ responsive projection and inverse pair remain exact in all viewports (0.465837ms)
✔ single-layer nodes preserve base identity, targeting and class-specific compatibility (0.942333ms)
✔ node contact models distinguish burn ignition, frost, shocks, pull, Qi and plasma (0.284059ms)
✔ Tempest pulses stay at the authored target and clear when a zone changes (0.641086ms)
ℹ tests 44
ℹ suites 0
ℹ pass 44
ℹ fail 0
ℹ cancelled 0
ℹ skipped 0
ℹ todo 0
ℹ duration_ms 350.682001
