✔ walk→run queues at a contact and conserves displacement at 30Hz (3.305339ms)
✔ walk→sprint queues at a contact and conserves displacement at 30Hz (2.07013ms)
✔ run→walk queues at a contact and conserves displacement at 30Hz (0.539772ms)
✔ run→sprint queues at a contact and conserves displacement at 30Hz (0.401463ms)
✔ sprint→walk queues at a contact and conserves displacement at 30Hz (0.442426ms)
✔ sprint→run queues at a contact and conserves displacement at 30Hz (0.321792ms)
✔ walk→run queues at a contact and conserves displacement at 60Hz (2.353369ms)
✔ walk→sprint queues at a contact and conserves displacement at 60Hz (0.311232ms)
✔ run→walk queues at a contact and conserves displacement at 60Hz (0.769016ms)
✔ run→sprint queues at a contact and conserves displacement at 60Hz (2.43568ms)
✔ sprint→walk queues at a contact and conserves displacement at 60Hz (0.289522ms)
✔ sprint→run queues at a contact and conserves displacement at 60Hz (0.246475ms)
✔ walk→run queues at a contact and conserves displacement at 120Hz (0.357781ms)
✔ walk→sprint queues at a contact and conserves displacement at 120Hz (0.971954ms)
✔ run→walk queues at a contact and conserves displacement at 120Hz (0.37431ms)
✔ run→sprint queues at a contact and conserves displacement at 120Hz (0.37804ms)
✔ sprint→walk queues at a contact and conserves displacement at 120Hz (0.398319ms)
✔ sprint→run queues at a contact and conserves displacement at 120Hz (0.280388ms)
✔ a cancelled request keeps the active gait; stationary requests apply on the next tick (0.473858ms)
ℹ tests 19
ℹ suites 0
ℹ pass 19
ℹ fail 0
ℹ cancelled 0
ℹ skipped 0
ℹ todo 0
ℹ duration_ms 35.942423
