{
  "baselineCommit": "c2a4a11",
  "beforeSourceSHA256": "67c6ff1f94bdaaa8a278437306beab0b3d94026a106b77e436f93b660dba57d9",
  "focusAreas": [
    {
      "name": "Artisan homes",
      "center": [
        68,
        168
      ],
      "radius": 10
    },
    {
      "name": "West neighborhood",
      "center": [
        68,
        201
      ],
      "radius": 8
    },
    {
      "name": "Merchant property",
      "center": [
        48,
        165
      ],
      "radius": 10
    },
    {
      "name": "Willow residences",
      "center": [
        153,
        200
      ],
      "radius": 8
    },
    {
      "name": "Borough homes",
      "center": [
        176,
        224
      ],
      "radius": 8
    },
    {
      "name": "South residences",
      "center": [
        108,
        222
      ],
      "radius": 7
    }
  ],
  "beforeTotalLawnArea": 1825.651283772992,
  "addedLawnArea": 280.056079173661,
  "afterTotalLawnArea": 2105.707362946653,
  "lawnAddedTriangles": 7650,
  "grassOwner": "capital-painted-garden-blades-v79",
  "grassTriangleBudget": 1000,
  "formalTrees": [
    "capital-tree-000",
    "capital-tree-001",
    "capital-tree-002",
    "capital-tree-003",
    "capital-tree-004",
    "capital-tree-005",
    "capital-tree-006",
    "capital-tree-007",
    "capital-tree-016",
    "capital-tree-017",
    "capital-tree-018",
    "capital-tree-019",
    "capital-tree-020",
    "capital-tree-021",
    "capital-tree-022",
    "capital-tree-023"
  ],
  "newFoliageMetadata": "authoring/materials/wayfarer-conifer-v79.json",
  "entranceClearWidth": 2.2,
  "additionalImageAssets": 1,
  "materialColors": {
    "roofClayWarm": [
      0.66,
      0.32,
      0.18
    ],
    "roofClayRose": [
      0.58,
      0.25,
      0.17
    ],
    "roofClayOchre": [
      0.64,
      0.38,
      0.23
    ]
  },
  "existingTerrainCollisionGameplayUnchanged": true,
  "strategy": "Grow selected actual owned green pockets inward; keep courts, work bays, public paving and closed patrols clear; distinct formal crowns and broad painted foliage clusters",
  "visualAcceptance": "Pending source-matched gameplay comparison"
}
Touched blocks 6 new sparse roots 168 new lawn triangles 7650
