{
  "firstPlayableMs": 88532.36944800301,
  "uiReadyMs": 20271.620184998028,
  "requests": 82,
  "transferBytes": 96011778,
  "precacheBytes": 139617220,
  "peakObservedHeap": 1090559272,
  "json": [
    {
      "url": "http://127.0.0.1:8011/world/v3/wayfarer-spatial.json?v=86",
      "start": 217,
      "duration": 5709.5
    },
    {
      "url": "http://127.0.0.1:8011/world/v3/warrior-animation.json?v=86",
      "start": 8780.300000011921,
      "duration": 4.399999991059303
    },
    {
      "url": "http://127.0.0.1:8011/world/v3/warrior-painted-locomotion.json?v=86",
      "start": 8788.70000000298,
      "duration": 13.100000008940697
    }
  ],
  "stages": [
    {
      "name": "compile",
      "start": 6305.800000011921,
      "duration": 2303.3999999910593
    },
    {
      "name": "content",
      "start": 5926.70000000298,
      "duration": 2683.7000000029802
    }
  ],
  "errors": []
}
