{
  "firstPlayableMs": 70391.99570700293,
  "uiReadyMs": 16219.657674009795,
  "requests": 82,
  "transferBytes": 96011778,
  "precacheBytes": 139617220,
  "peakObservedHeap": 1118533439,
  "json": [
    {
      "url": "http://127.0.0.1:8011/world/v3/wayfarer-spatial.json?v=86",
      "start": 198.1000000089407,
      "duration": 3714.2999999970198,
      "bodyReadMs": 2210.5,
      "parseMs": 1503.7999999970198
    },
    {
      "url": "http://127.0.0.1:8011/world/v3/warrior-animation.json?v=86",
      "start": 6086,
      "duration": 18.100000008940697,
      "bodyReadMs": 7,
      "parseMs": 11.100000008940697
    },
    {
      "url": "http://127.0.0.1:8011/world/v3/warrior-painted-locomotion.json?v=86",
      "start": 6165.79999999702,
      "duration": 15.700000002980232,
      "bodyReadMs": 0.800000011920929,
      "parseMs": 14.899999991059303
    }
  ],
  "stages": [
    {
      "name": "compile",
      "start": 4247.100000008941,
      "duration": 1339.199999988079
    },
    {
      "name": "content",
      "start": 3912.7000000029802,
      "duration": 1674
    },
    {
      "name": "warmFadeMeshes",
      "start": 22689,
      "duration": 44726.10000000894
    },
    {
      "name": "mount",
      "start": 18075.5,
      "duration": 49340.29999999702
    }
  ],
  "errors": []
}
