{
  "firstPlayableMs": 18116.91663401143,
  "uiReadyMs": 6680.389993998688,
  "requests": 95,
  "transferBytes": 447489,
  "encodedResourceBytes": 33460559,
  "precacheBytes": 2383616,
  "peakObservedHeap": 177010280,
  "json": [
    {
      "url": "http://127.0.0.1:36373/world/v3/warrior-animation.json?v=88",
      "start": 1592.300000011921,
      "duration": 18.099999994039536,
      "bodyReadMs": 17.099999994039536,
      "parseMs": 1
    },
    {
      "url": "http://127.0.0.1:36373/world/v3/warrior-painted-locomotion.json?v=88",
      "start": 1666.2000000029802,
      "duration": 2.4000000059604645,
      "bodyReadMs": 0.7000000029802322,
      "parseMs": 1.7000000029802322
    }
  ],
  "stages": [
    {
      "name": "compile",
      "start": 1091,
      "duration": 32.70000000298023
    },
    {
      "name": "content",
      "start": 1076.1000000089407,
      "duration": 47.8999999910593
    },
    {
      "name": "mount",
      "start": 9178.40000000596,
      "duration": 1490.2000000029802
    }
  ],
  "errors": []
}
