{
  "firstPlayableMs": 24941.97429799533,
  "uiReadyMs": 8575.056326997583,
  "requests": 106,
  "transferBytes": 447149,
  "encodedResourceBytes": 38741122,
  "precacheBytes": 2382205,
  "peakObservedHeap": 150724091,
  "json": [
    {
      "url": "http://127.0.0.1:8011/world/v3/warrior-animation.json?v=87",
      "start": 1748.7999999970198,
      "duration": 41,
      "bodyReadMs": 2.7999999970197678,
      "parseMs": 38.20000000298023
    },
    {
      "url": "http://127.0.0.1:8011/world/v3/warrior-painted-locomotion.json?v=87",
      "start": 1866.2999999970198,
      "duration": 37.20000000298023,
      "bodyReadMs": 35.900000005960464,
      "parseMs": 1.2999999970197678
    }
  ],
  "stages": [
    {
      "name": "compile",
      "start": 1368.3999999910593,
      "duration": 87.20000000298023
    },
    {
      "name": "content",
      "start": 1337.3999999910593,
      "duration": 123.20000000298023
    },
    {
      "name": "mount",
      "start": 11912.5,
      "duration": 1710.0999999940395
    }
  ],
  "errors": []
}
