{
  "firstPlayableMs": 38358.5947620013,
  "uiReadyMs": 7479.590107992408,
  "requests": 105,
  "transferBytes": 447149,
  "precacheBytes": 0,
  "peakObservedHeap": 176315335,
  "json": [
    {
      "url": "http://127.0.0.1:8011/world/v3/warrior-animation.json?v=87",
      "start": 1903.5,
      "duration": 23,
      "bodyReadMs": 18,
      "parseMs": 5
    },
    {
      "url": "http://127.0.0.1:8011/world/v3/warrior-painted-locomotion.json?v=87",
      "start": 2016.7999999970198,
      "duration": 14,
      "bodyReadMs": 13.400000005960464,
      "parseMs": 0.5999999940395355
    }
  ],
  "stages": [
    {
      "name": "compile",
      "start": 1505.2000000029802,
      "duration": 67.3999999910593
    },
    {
      "name": "content",
      "start": 1469.7999999970198,
      "duration": 103.20000000298023
    },
    {
      "name": "warmFadeMeshes",
      "start": 16804.09999999404,
      "duration": 17252.90000000596
    },
    {
      "name": "mount",
      "start": 10898.90000000596,
      "duration": 23223.09999999404
    }
  ],
  "errors": []
}
