c-1_4 139 432
c0_0 8522 36304
c0_1 106657 376596
c0_2 94868 367840
c0_3 130173 462272
c0_4 295756 1274716
c0_5 95522 366148
c0_6 94111 366976
c0_7 74000 296612
c0_8 7099 25712
c1_0 43715 201296
c1_1 582777 2608776
c1_2 530662 2307608
c1_3 540146 2058988
c1_4 359369 1447368
c1_5 479824 1938976
c1_6 902855 3595768
c1_7 404207 1679648
c1_8 37752 189984
c2_0 37835 192976
c2_1 487692 2673564
c2_2 1003751 3941232
c2_3 1048631 3737300
c2_4 469016 1857872
c2_5 764628 2854588
c2_6 887982 3691096
c2_7 427788 1538524
c2_8 34766 181552
c3_0 43076 206992
c3_1 1083785 4160004
c3_2 396417 1467376
c3_3 763725 3180640
c3_4 364673 1436748
c3_5 714610 2951980
c3_6 666598 2567124
c3_7 326850 1234240
c3_8 103137 393476
c4_0 45833 207472
c4_1 1080121 4078152
c4_2 299358 1081044
c4_3 843357 3417612
c4_4 399368 1645600
c4_5 495453 1977816
c4_6 818260 3310336
c4_7 492451 1870208
c4_8 102109 394220
c5_0 37950 192976
c5_1 647164 3237300
c5_2 575723 2716816
c5_3 769764 3265344
c5_4 525438 1898496
c5_5 572038 2152708
c5_6 636498 2597828
c5_7 450453 1773192
c5_8 63621 270136
c6_0 44139 202656
c6_1 595343 2810892
c6_2 329148 1424100
c6_3 491318 1863340
c6_4 410670 1681972
c6_5 506255 2074308
c6_6 414127 1762620
c6_7 230608 955580
c6_8 41958 191216
c7_0 9633 37652
c7_1 109422 395488
c7_2 96924 389584
c7_3 97031 392528
c7_4 261093 1138120
c7_5 127358 468508
c7_6 95753 387424
c7_7 74170 306948
c7_8 6851 24568
c8_4 240 864
global 210 672
{
  "sourceSHA256": "e97f4333ac193196cf61b68765f3218d9fc98d1c12433c03b875187f5c3ce114",
  "conversionSHA256": "a3e4dcf054fe4d26f50b98d7fbf47eb2a10a5efdf8c7c17d2e7a59c59904e823",
  "chunks": 75,
  "triangles": 1379719,
  "rawBytes": 110465600,
  "compressedBytes": 27210324,
  "semanticsBytes": 966037,
  "zoneManifestBytes": 30891,
  "assetCount": 24,
  "sourceUnchanged": true
}
