cold-playable {'x': 13.4, 'y': 144, 'z': 0.025} 10 0 0
travel-[128.0, 150.0]-8 {'x': 42.81324458324229, 'y': 145.5025671288816, 'z': 0.025} 22 0 0
travel-[128.0, 150.0]-16 {'x': 72.39027891756515, 'y': 147.01213329883151, 'z': 0.025} 22 1 0
travel-[128.0, 150.0]-24 {'x': 101.78170423890678, 'y': 148.54048794994688, 'z': 0.025} 23 4 0
leg-0 {'x': 127.6801688310627, 'y': 149.9694357708461, 'z': 0.025} 25 6 0
travel-[128.0, 200.0]-8 {'x': 127.90591107393814, 'y': 192.79597616781484, 'z': 0.025} 23 12 0
leg-1 {'x': 127.97292278338152, 'y': 199.73148314175995, 'z': 0.025} 23 12 0
travel-[80.0, 200.0]-8 {'x': 96.9198348950323, 'y': 201.52635643319212, 'z': 0.04} 24 12 0
leg-2 {'x': 80.25351475168151, 'y': 200.04361298119935, 'z': 0.025} 19 19 1
travel-[13.4, 144.0]-8 {'x': 39.24833333333331, 'y': 156, 'z': 0.04} 19 27 9
leg-3 {'x': 13.645918480011657, 'y': 144.09023031243643, 'z': 0.025} 17 31 11
travel-[128.0, 150.0]-8 {'x': 43.09283101358462, 'y': 145.5494535348931, 'z': 0.024999999999999998} 22 31 16
travel-[128.0, 150.0]-16 {'x': 72.68356321203895, 'y': 147.05966221242215, 'z': 0.025} 22 32 17
travel-[128.0, 150.0]-24 {'x': 102.12229629681528, 'y': 148.5454837206405, 'z': 0.025} 23 35 21
leg-4 {'x': 127.68770308258418, 'y': 149.95775229801237, 'z': 0.024999999999999998} 25 37 25
travel-[13.4, 144.0]-8 {'x': 89.85464173146634, 'y': 147.9067663628751, 'z': 0.025} 25 39 27
travel-[13.4, 144.0]-16 {'x': 52.32398055089476, 'y': 145.91912074042037, 'z': 0.025} 22 45 30
travel-[13.4, 144.0]-24 {'x': 15.610630944545775, 'y': 144.0872812857944, 'z': 0.025} 17 51 31
leg-5 {'x': 13.698627008319619, 'y': 144.01596934920468, 'z': 0.025} 17 51 31
travel-final {'x': 13.698627008319619, 'y': 144.01596934920468, 'z': 0.025} 17 51 31
warm-playable {'x': 13.698627008319619, 'y': 144.01596934920468, 'z': 0.025} 10 0 0
PASS mobile cold/warm, ordinary traversal, chunk return reload, collision and duplicate guards
