{
  "firstPlayableMs": 17839.17125100561,
  "uiReadyMs": 7376.611999992747,
  "requests": 98,
  "transferBytes": 447489,
  "encodedResourceBytes": 33548636,
  "precacheBytes": 2383616,
  "peakObservedHeap": 171611407,
  "json": [
    {
      "url": "http://127.0.0.1:44759/world/v3/warrior-animation.json?v=89",
      "start": 1648.9000000059605,
      "duration": 4,
      "bodyReadMs": 2.4000000059604645,
      "parseMs": 1.5999999940395355
    },
    {
      "url": "http://127.0.0.1:44759/world/v3/warrior-painted-locomotion.json?v=89",
      "start": 1676.9000000059605,
      "duration": 19.200000002980232,
      "bodyReadMs": 15.700000002980232,
      "parseMs": 3.5
    }
  ],
  "stages": [
    {
      "name": "compile",
      "start": 1082.4000000059605,
      "duration": 64.5
    },
    {
      "name": "content",
      "start": 1057.5,
      "duration": 89.80000001192093
    },
    {
      "name": "mount",
      "start": 9997.90000000596,
      "duration": 1381.7999999970198
    }
  ],
  "errors": []
}
