cold-playable {'x': 13.4, 'y': 144, 'z': 0.025} 10 0 0
travel-[128.0, 150.0]-8 {'x': 43.022498019402676, 'y': 145.4227208640243, 'z': 0.025} 22 0 0
travel-[128.0, 150.0]-16 {'x': 72.36448966768427, 'y': 146.8997116610838, 'z': 0.025} 22 1 0
travel-[128.0, 150.0]-24 {'x': 101.80807838590772, 'y': 148.48519528681334, 'z': 0.025} 23 4 0
travel-[128.0, 150.0]-32 {'x': 127.66292995679565, 'y': 149.98166698170914, 'z': 0.024999999999999998} 25 6 0
leg-0 {'x': 127.66292995679565, 'y': 149.98166698170914, 'z': 0.024999999999999998} 25 6 0
travel-[80.0, 200.0]-8 {'x': 105.1423176048988, 'y': 168.42214520241728, 'z': 0.039999999999999994} 22 9 0
travel-[80.0, 200.0]-16 {'x': 83.44715489996014, 'y': 193.0388486350058, 'z': 0.025} 21 16 1
leg-1 {'x': 80.11761074277565, 'y': 199.70155802989586, 'z': 0.024999999999999998} 21 16 1
travel-[13.4, 144.0]-8 {'x': 43.53092414931452, 'y': 159.3085166706108, 'z': 0.025000000000000005} 22 21 7
travel-[13.4, 144.0]-16 {'x': 13.64721163625386, 'y': 144.09037673762592, 'z': 0.025} 17 28 9
leg-2 {'x': 13.64721163625386, 'y': 144.09037673762592, 'z': 0.025} 17 28 9
travel-[128.0, 150.0]-8 {'x': 43.33749630870942, 'y': 145.52591041133326, 'z': 0.024999999999999998} 22 28 14
travel-[128.0, 150.0]-16 {'x': 72.89152808934114, 'y': 146.94998183972172, 'z': 0.025} 22 29 15
travel-[128.0, 150.0]-24 {'x': 102.09755685638879, 'y': 148.4880872947081, 'z': 0.025} 23 32 19
travel-[128.0, 150.0]-32 {'x': 127.68040940163735, 'y': 149.9543594144965, 'z': 0.024999999999999998} 25 34 23
leg-3 {'x': 127.68040940163735, 'y': 149.9543594144965, 'z': 0.024999999999999998} 25 34 23
travel-final {'x': 127.68040940163735, 'y': 149.9543594144965, 'z': 0.024999999999999998} 25 34 23
warm-playable {'x': 127.68040940163735, 'y': 149.9543594144965, 'z': 0.024999999999999998} 13 0 0
PASS mobile cold/warm, ordinary traversal, chunk return reload, collision and duplicate guards
