BAKE 0 / 34037 corners 24
BAKE 700 / 34037 corners 18663
BAKE 1400 / 34037 corners 43352
BAKE 2100 / 34037 corners 108871
BAKE 2800 / 34037 corners 125671
BAKE 3500 / 34037 corners 142471
BAKE 4200 / 34037 corners 269933
BAKE 4900 / 34037 corners 469160
BAKE 5600 / 34037 corners 611692
BAKE 6300 / 34037 corners 758940
BAKE 7000 / 34037 corners 949142
BAKE 7700 / 34037 corners 971228
BAKE 8400 / 34037 corners 1001708
BAKE 9100 / 34037 corners 1020526
BAKE 9800 / 34037 corners 1037096
BAKE 10500 / 34037 corners 1054180
BAKE 11200 / 34037 corners 1070633
BAKE 11900 / 34037 corners 1086370
BAKE 12600 / 34037 corners 1103518
BAKE 13300 / 34037 corners 1120006
BAKE 14000 / 34037 corners 1136512
BAKE 14700 / 34037 corners 1153666
BAKE 15400 / 34037 corners 1170996
BAKE 16100 / 34037 corners 1188700
BAKE 16800 / 34037 corners 1205013
BAKE 17500 / 34037 corners 1227181
BAKE 18200 / 34037 corners 1244076
BAKE 18900 / 34037 corners 1259656
BAKE 19600 / 34037 corners 1276804
BAKE 20300 / 34037 corners 1294017
BAKE 21000 / 34037 corners 1310721
BAKE 21700 / 34037 corners 1327674
BAKE 22400 / 34037 corners 1344691
BAKE 23100 / 34037 corners 1361403
BAKE 23800 / 34037 corners 1377648
BAKE 24500 / 34037 corners 1393318
BAKE 25200 / 34037 corners 1410593
BAKE 25900 / 34037 corners 1428422
BAKE 26600 / 34037 corners 1444503
BAKE 27300 / 34037 corners 1462313
BAKE 28000 / 34037 corners 1501102
BAKE 28700 / 34037 corners 1514636
BAKE 29400 / 34037 corners 1530869
BAKE 30100 / 34037 corners 1563663
BAKE 30800 / 34037 corners 1581538
BAKE 31500 / 34037 corners 1598332
BAKE 32200 / 34037 corners 1616514
BAKE 32900 / 34037 corners 1632927
BAKE 33600 / 34037 corners 1650633
Info: Saved "wayfarer-spatial.blend"
Ground shadow bake is stale; export uses geometric fallback until rebaked
Exported 265 objects from authoring/wayfarer-spatial.blend to /workspace/Astraeon-online/world/v3/wayfarer-spatial.json
Baked 1660595 corners on 34037 meshes in 148.8 seconds
Blender 4.3.2
Read blend: "/workspace/Astraeon-online/authoring/wayfarer-spatial.blend"

Blender quit
