Ground shadow bake is stale; export uses geometric fallback until rebaked
GROUND BAKE 0 / 4096 seconds 0.0
GROUND BAKE 128 / 4096 seconds 1.5
GROUND BAKE 256 / 4096 seconds 3.3
GROUND BAKE 384 / 4096 seconds 13.8
GROUND BAKE 512 / 4096 seconds 26.2
GROUND BAKE 640 / 4096 seconds 41.8
GROUND BAKE 768 / 4096 seconds 57.3
GROUND BAKE 896 / 4096 seconds 74.2
GROUND BAKE 1024 / 4096 seconds 88.4
GROUND BAKE 1152 / 4096 seconds 98.5
GROUND BAKE 1280 / 4096 seconds 108.8
GROUND BAKE 1408 / 4096 seconds 120.8
GROUND BAKE 1536 / 4096 seconds 134.4
GROUND BAKE 1664 / 4096 seconds 144.1
GROUND BAKE 1792 / 4096 seconds 155.8
GROUND BAKE 1920 / 4096 seconds 167.5
GROUND BAKE 2048 / 4096 seconds 178.9
GROUND BAKE 2176 / 4096 seconds 188.8
GROUND BAKE 2304 / 4096 seconds 200.4
GROUND BAKE 2432 / 4096 seconds 211.3
GROUND BAKE 2560 / 4096 seconds 223.1
GROUND BAKE 2688 / 4096 seconds 232.6
GROUND BAKE 2816 / 4096 seconds 247.1
GROUND BAKE 2944 / 4096 seconds 261.0
GROUND BAKE 3072 / 4096 seconds 271.6
GROUND BAKE 3200 / 4096 seconds 281.4
GROUND BAKE 3328 / 4096 seconds 293.5
GROUND BAKE 3456 / 4096 seconds 303.1
GROUND BAKE 3584 / 4096 seconds 311.1
GROUND BAKE 3712 / 4096 seconds 321.8
GROUND BAKE 3840 / 4096 seconds 331.5
GROUND BAKE 3968 / 4096 seconds 333.6
Info: Saved "wayfarer-spatial.blend"
Exported 265 objects from authoring/wayfarer-spatial.blend to /workspace/Astraeon-online/world/v3/wayfarer-spatial.json
Saved native floor shadow bake 12624220 land pixels, 4682593 shadowed; 380.0 seconds
Blender 4.3.2
Read blend: "/workspace/Astraeon-online/authoring/wayfarer-spatial.blend"

Blender quit
