BAKE 0 / 31383 corners 24
BAKE 700 / 31383 corners 18663
BAKE 1400 / 31383 corners 43380
BAKE 2100 / 31383 corners 60827
BAKE 2800 / 31383 corners 77907
BAKE 3500 / 31383 corners 110385
BAKE 4200 / 31383 corners 126677
BAKE 4900 / 31383 corners 142125
BAKE 5600 / 31383 corners 159929
BAKE 6300 / 31383 corners 177000
BAKE 7000 / 31383 corners 193517
BAKE 7700 / 31383 corners 209863
BAKE 8400 / 31383 corners 226061
BAKE 9100 / 31383 corners 241675
BAKE 9800 / 31383 corners 258837
BAKE 10500 / 31383 corners 275807
BAKE 11200 / 31383 corners 293495
BAKE 11900 / 31383 corners 311082
BAKE 12600 / 31383 corners 332752
BAKE 13300 / 31383 corners 350395
BAKE 14000 / 31383 corners 366769
BAKE 14700 / 31383 corners 382827
BAKE 15400 / 31383 corners 399734
BAKE 16100 / 31383 corners 417096
BAKE 16800 / 31383 corners 433561
BAKE 17500 / 31383 corners 450273
BAKE 18200 / 31383 corners 466860
BAKE 18900 / 31383 corners 484525
BAKE 19600 / 31383 corners 501492
BAKE 20300 / 31383 corners 518155
BAKE 21000 / 31383 corners 533652
BAKE 21700 / 31383 corners 550352
BAKE 22400 / 31383 corners 582801
BAKE 23100 / 31383 corners 604781
BAKE 23800 / 31383 corners 621834
BAKE 24500 / 31383 corners 654549
BAKE 25200 / 31383 corners 677256
BAKE 25900 / 31383 corners 695291
BAKE 26600 / 31383 corners 712606
BAKE 27300 / 31383 corners 730503
BAKE 28000 / 31383 corners 747222
BAKE 28700 / 31383 corners 783178
BAKE 29400 / 31383 corners 791466
BAKE 30100 / 31383 corners 804066
BAKE 30800 / 31383 corners 820476
Info: Saved "wayfarer-spatial.blend"
Ground shadow bake is stale; export uses geometric fallback until rebaked
Exported 120 objects from authoring/wayfarer-spatial.blend to /workspace/Astraeon-online/world/v3/wayfarer-spatial.json
Baked 834526 corners on 31383 meshes in 63.9 seconds
Blender 4.3.2
Read blend: "/workspace/Astraeon-online/authoring/wayfarer-spatial.blend"

Blender quit
