✔ Warrior fall transition covers all eight reactions before the death fade (7.042778ms)
✔ gate collision contains pillars, not overhead span or passage (3.698215ms)
✔ authored route and entrances are reachable with actor clearance (5.809402ms)
✔ one edited mesh moves visuals, collision, navigation and shadow together (3.862407ms)
✔ roof/canopy are selective layers and remain independent shadow casters (1.150892ms)
✔ shared schema rejects invalid/duplicate mesh identifiers and invalid indices (1.378635ms)
✔ baked lighting must align with every face corner and contain bounded factors (5.391073ms)
✔ walk simulation displacement, duty and foot metadata agree in all eight directions (58.338211ms)
✔ run simulation displacement, duty and foot metadata agree in all eight directions (30.843965ms)
✔ sprint simulation displacement, duty and foot metadata agree in all eight directions (63.144313ms)
✔ three locomotion strategies have separate atlas geometry, stride and duty (0.754015ms)
✔ simulation contact metadata cancels root travel at the gameplay projection and scale (0.424389ms)
✔ start, stop, turn and strategy changes settle without teleports (0.787304ms)
✔ default Golden import derives services, patrols, masks and polygons from the authored town (29.23822ms)
✔ off-grid movement destinations remain reachable around an obstacle (15.824433ms)
✔ stationary turns replant one foot while retaining the other support (0.888227ms)
✔ spatial town routes, water boundaries, stairs and mesh-owned services agree (8360.06804ms)
✔ stance feet retain their absolute planted elevation while climbing (1.107977ms)
✔ town stair contacts meet the visible tread tops and the shrine entry (7020.083682ms)
ℹ tests 19
ℹ suites 0
ℹ pass 19
ℹ fail 0
ℹ cancelled 0
ℹ skipped 0
ℹ todo 0
ℹ duration_ms 15622.385602
