BAKE 0 / 30191 corners 24
BAKE 700 / 30191 corners 20311
BAKE 1400 / 30191 corners 43544
BAKE 2100 / 30191 corners 61551
BAKE 2800 / 30191 corners 78073
BAKE 3500 / 30191 corners 110777
BAKE 4200 / 30191 corners 127107
BAKE 4900 / 30191 corners 141861
BAKE 5600 / 30191 corners 159795
BAKE 6300 / 30191 corners 177686
BAKE 7000 / 30191 corners 194644
BAKE 7700 / 30191 corners 211133
BAKE 8400 / 30191 corners 227439
BAKE 9100 / 30191 corners 244147
BAKE 9800 / 30191 corners 261635
BAKE 10500 / 30191 corners 279247
BAKE 11200 / 30191 corners 295760
BAKE 11900 / 30191 corners 318416
BAKE 12600 / 30191 corners 335219
BAKE 13300 / 30191 corners 351600
BAKE 14000 / 30191 corners 367814
BAKE 14700 / 30191 corners 384289
BAKE 15400 / 30191 corners 402298
BAKE 16100 / 30191 corners 419065
BAKE 16800 / 30191 corners 435462
BAKE 17500 / 30191 corners 452402
BAKE 18200 / 30191 corners 469575
BAKE 18900 / 30191 corners 487304
BAKE 19600 / 30191 corners 504619
BAKE 20300 / 30191 corners 520718
BAKE 21000 / 30191 corners 538696
BAKE 21700 / 30191 corners 577205
BAKE 22400 / 30191 corners 591211
BAKE 23100 / 30191 corners 607339
BAKE 23800 / 30191 corners 645143
BAKE 24500 / 30191 corners 664355
BAKE 25200 / 30191 corners 681959
BAKE 25900 / 30191 corners 700325
BAKE 26600 / 30191 corners 716838
BAKE 27300 / 30191 corners 735502
BAKE 28000 / 30191 corners 763194
BAKE 28700 / 30191 corners 775794
BAKE 29400 / 30191 corners 790378
BAKE 30100 / 30191 corners 806732
Info: Saved "wayfarer-spatial.blend"
Ground shadow bake is stale; export uses geometric fallback until rebaked
Exported 120 objects from authoring/wayfarer-spatial.blend to /workspace/Astraeon-online/world/v3/wayfarer-spatial.json
Baked 809842 corners on 30191 meshes in 63.2 seconds
Blender 4.3.2
Read blend: "/workspace/Astraeon-online/authoring/wayfarer-spatial.blend"

Blender quit
