BAKE 0 / 33838 corners 24
BAKE 700 / 33838 corners 18663
BAKE 1400 / 33838 corners 43352
BAKE 2100 / 33838 corners 108871
BAKE 2800 / 33838 corners 125671
BAKE 3500 / 33838 corners 142471
BAKE 4200 / 33838 corners 283082
BAKE 4900 / 33838 corners 457440
BAKE 5600 / 33838 corners 657343
BAKE 6300 / 33838 corners 812423
BAKE 7000 / 33838 corners 938912
BAKE 7700 / 33838 corners 955472
BAKE 8400 / 33838 corners 988454
BAKE 9100 / 33838 corners 1004370
BAKE 9800 / 33838 corners 1020186
BAKE 10500 / 33838 corners 1038334
BAKE 11200 / 33838 corners 1054803
BAKE 11900 / 33838 corners 1071538
BAKE 12600 / 33838 corners 1087888
BAKE 13300 / 33838 corners 1104184
BAKE 14000 / 33838 corners 1119688
BAKE 14700 / 33838 corners 1136922
BAKE 15400 / 33838 corners 1154190
BAKE 16100 / 33838 corners 1172076
BAKE 16800 / 33838 corners 1189287
BAKE 17500 / 33838 corners 1211053
BAKE 18200 / 33838 corners 1227896
BAKE 18900 / 33838 corners 1244355
BAKE 19600 / 33838 corners 1260107
BAKE 20300 / 33838 corners 1277179
BAKE 21000 / 33838 corners 1293701
BAKE 21700 / 33838 corners 1310858
BAKE 22400 / 33838 corners 1328675
BAKE 23100 / 33838 corners 1345445
BAKE 23800 / 33838 corners 1361596
BAKE 24500 / 33838 corners 1378535
BAKE 25200 / 33838 corners 1393901
BAKE 25900 / 33838 corners 1411028
BAKE 26600 / 33838 corners 1428649
BAKE 27300 / 33838 corners 1453104
BAKE 28000 / 33838 corners 1483602
BAKE 28700 / 33838 corners 1497767
BAKE 29400 / 33838 corners 1520326
BAKE 30100 / 33838 corners 1547945
BAKE 30800 / 33838 corners 1565158
BAKE 31500 / 33838 corners 1582915
BAKE 32200 / 33838 corners 1600830
BAKE 32900 / 33838 corners 1617209
BAKE 33600 / 33838 corners 1634009
Info: Saved "wayfarer-spatial.blend"
Ground shadow bake is stale; export uses geometric fallback until rebaked
Exported 264 objects from authoring/wayfarer-spatial.blend to /workspace/Astraeon-online/world/v3/wayfarer-spatial.json
Baked 1639727 corners on 33838 meshes in 148.5 seconds
Blender 4.3.2
Read blend: "/workspace/Astraeon-online/authoring/wayfarer-spatial.blend"

Blender quit
