RECOVERED NATIVE FRAME capital-v75-capital-council-chambers-components-3.001 16
RECOVERED NATIVE FRAME capital-v75-capital-grand-archive-components-1.001 32
RECOVERED NATIVE FRAME capital-v75-capital-infill-001-components-6 32
RECOVERED NATIVE FRAME capital-v75-capital-infill-002-components-6 16
RECOVERED NATIVE FRAME capital-v75-capital-market-062-a-components-7.001 16
RECOVERED NATIVE FRAME capital-v75-capital-market-064-a-components-7.001 16
RECOVERED NATIVE FRAME capital-v75-capital-neighborhood-002-components-6 16
RECOVERED NATIVE FRAME capital-v75-capital-neighborhood-005-components-6 16
RECOVERED NATIVE FRAME capital-v75-capital-neighborhood-007-components-7.001 16
RECOVERED NATIVE FRAME capital-v75-capital-neighborhood-008-components-6 32
RECOVERED NATIVE FRAME capital-v75-capital-neighborhood-009-components-6 16
RECOVERED NATIVE FRAME capital-v75-capital-neighborhood-011-components-6 16
RECOVERED NATIVE FRAME capital-v75-capital-neighborhood-013-components-6 32
RECOVERED NATIVE FRAME capital-v75-capital-neighborhood-016-components-7.001 16
RECOVERED NATIVE FRAME capital-v75-capital-neighborhood-019-components-7.001 16
RECOVERED NATIVE FRAME capital-v75-capital-neighborhood-021-components-6 16
RECOVERED NATIVE FRAME capital-v75-capital-neighborhood-022-components-6 32
RECOVERED NATIVE FRAME capital-v75-capital-neighborhood-023-components-5.001 16
RECOVERED NATIVE FRAME capital-v75-capital-neighborhood-024-components-5.001 16
RECOVERED NATIVE FRAME capital-v75-capital-neighborhood-026-components-5.001 16
RECOVERED NATIVE FRAME capital-v75-capital-neighborhood-028-components-6 32
RECOVERED NATIVE FRAME capital-v75-capital-neighborhood-029-components-6 32
RECOVERED NATIVE FRAME capital-v75-capital-neighborhood-030-components-6 32
RECOVERED NATIVE FRAME capital-v75-capital-neighborhood-031-components-5.001 16
RECOVERED NATIVE FRAME capital-v75-capital-residential-028-b-components-7.001 16
RECOVERED NATIVE FRAME capital-v75-capital-residential-029-a-components-6 16
RECOVERED NATIVE FRAME capital-v75-capital-residential-029-b-components-7.001 16
RECOVERED NATIVE FRAME capital-v75-capital-residential-035-a-components-6 32
RECOVERED NATIVE FRAME capital-v75-capital-residential-035-b-components-6 16
RECOVERED NATIVE FRAME capital-v75-capital-residential-039-components-6 16
RECOVERED NATIVE FRAME capital-v75-capital-residential-040-a-components-6 16
RECOVERED NATIVE FRAME capital-v75-capital-residential-040-b-components-6 16
RECOVERED NATIVE FRAME capital-v75-capital-residential-041-a-components-7.001 16
RECOVERED NATIVE FRAME capital-v75-capital-residential-042-components-5.001 16
RECOVERED NATIVE FRAME capital-v75-capital-residential-043-a-components-7.001 16
RECOVERED NATIVE FRAME capital-v75-capital-residential-044-b-components-7.001 16
RECOVERED NATIVE FRAME capital-v75-capital-residential-046-b-components-6 32
RECOVERED NATIVE FRAME capital-v75-capital-residential-047-components-6 16
RECOVERED NATIVE FRAME capital-v75-capital-residential-048-components-6 16
RECOVERED NATIVE FRAME capital-v75-capital-residential-049-b-components-7.001 16
RECOVERED NATIVE FRAME capital-v75-capital-residential-050-b-components-6 16
RECOVERED NATIVE FRAME capital-v75-capital-residential-051-components-7.001 16
RECOVERED NATIVE FRAME capital-v75-capital-residential-052-a-components-6 32
RECOVERED NATIVE FRAME capital-v75-capital-residential-058-b-components-7.001 16
RECOVERED NATIVE FRAME capital-v75-capital-residential-068-a-components-5.001 16
RECOVERED NATIVE FRAME capital-v75-capital-residential-068-b-components-6 16
RECOVERED NATIVE FRAME capital-v75-capital-residential-073-b-components-5.001 16
RECOVERED NATIVE FRAME capital-v75-capital-residential-074-a-components-6 16
RECOVERED NATIVE FRAME capital-v75-capital-residential-074-b-components-6 16
RECOVERED NATIVE FRAME capital-v75-capital-residential-075-components-5.001 16
RECOVERED NATIVE FRAME capital-v75-capital-residential-076-a-components-6 32
RECOVERED NATIVE FRAME capital-v75-capital-residential-076-b-components-6 32
RECOVERED NATIVE FRAME capital-v75-capital-residential-077-a-components-6 16
RECOVERED NATIVE FRAME capital-v75-capital-residential-077-b-components-7.001 16
RECOVERED NATIVE FRAME capital-v75-capital-townhouse-080-components-6 32
RECOVERED NATIVE FRAME capital-v75-capital-townhouse-081-components-5.001 16
RECOVERED NATIVE FRAME capital-v75-capital-townhouse-082-components-6 32
RECOVERED NATIVE FRAME capital-v75-capital-townhouse-083-components-7.001 16
RECOVERED NATIVE FRAME capital-v75-capital-townhouse-084-components-6 32
RECOVERED NATIVE FRAME capital-v75-capital-townhouse-086-components-6 32
RECOVERED NATIVE FRAME capital-v75-capital-townhouse-087-components-6 16
RECOVERED NATIVE FRAME capital-v75-capital-townhouse-088-components-7.001 16
RECOVERED NATIVE FRAME capital-v75-capital-townhouse-089-components-7.001 16
RECOVERED NATIVE FRAME capital-v75-capital-townhouse-090-components-6 32
RECOVERED NATIVE FRAME capital-v75-capital-townhouse-092-components-5.001 16
RECOVERED NATIVE FRAME capital-v75-capital-townhouse-093-components-5.001 16
RECOVERED NATIVE FRAME capital-v75-capital-townhouse-094-components-5.001 16
RECOVERED NATIVE FRAME capital-v75-capital-townhouse-095-components-6 32
RECOVERED NATIVE FRAME capital-v75-capital-trade-exchange-components-5.001 16
RECOVERED NATIVE FRAME capital-v75-capital-workshop-032-b-components-6 16
RECOVERED NATIVE FRAME capital-v75-capital-workshop-034-a-components-6 32
RECOVERED NATIVE FRAME capital-v75-capital-workshop-034-b-components-6 16
RECOVERED NATIVE FRAME capital-v75-capital-workshop-037-a-components-7.001 16
RECOVERED NATIVE FRAME capital-v75-capital-workshop-037-b-components-6 16
RECOVERED NATIVE FRAME capital-v75-capital-workshop-053-a-components-6 16
RECOVERED NATIVE FRAME capital-v75-capital-workshop-053-b-components-6 32
RECOVERED NATIVE FRAME capital-v75-capital-workshop-054-components-5.001 16
RECOVERED NATIVE FRAME capital-v75-capital-workshop-055-a-components-6 32
RECOVERED NATIVE FRAME capital-v75-capital-workshop-056-a-components-5.001 16
RECOVERED NATIVE FRAME capital-v75-capital-workshop-056-b-components-6 32
RECOVERED NATIVE FRAME capital-v75-capital-workshop-057-components-7.001 16
Info: Saved "wayfarer-spatial.blend"
Ground shadow bake is stale; export uses geometric fallback until rebaked
Exported 264 objects from authoring/wayfarer-spatial.blend to /workspace/Astraeon-online/world/v3/wayfarer-spatial.json
Blender 4.3.2
Read blend: "/workspace/Astraeon-online/authoring/wayfarer-spatial.blend"

Blender quit
