{
  "sourceSHA256": "d2a434ffb3ac32538c52d462d11280cce5e1ecd98813d8e5ddfaa53d122da53b",
  "architectureRevision": 76,
  "totalBuildings": 158,
  "retainedOriginals": 37,
  "newBuildings": 121,
  "familyCounts": {
    "front-gable": 16,
    "half-hip": 21,
    "craft-lodge": 13,
    "guild-mansard": 14,
    "cross-gable": 24,
    "oriel-house": 19,
    "twin-gable": 6,
    "gallery-villa": 4,
    "merchant-hall": 4
  },
  "consolidatedPlotPairs": 14,
  "actualDoorPlanesVerified": 121,
  "minimumVisibleBuildingGap": 0.7648951169716696,
  "streetsClear": true,
  "civicSilhouettes": [
    {
      "id": "capital-council-chambers",
      "type": "hipped-palazzo",
      "roofHeights": [
        12.35,
        18.85,
        21.3,
        24.9
      ]
    },
    {
      "id": "capital-grand-archive",
      "type": "rose-nave-and-stair-tower",
      "roofHeights": [
        9.0,
        12.6,
        13.4,
        20.7,
        23.3,
        28.8
      ]
    },
    {
      "id": "capital-trade-exchange",
      "type": "long-market-hall-and-belfry",
      "roofHeights": [
        8.15,
        13.45,
        18.3,
        22.3
      ]
    }
  ],
  "distinctMeasuredBuildingHeights": 38,
  "visibleStaticTriangles": 876819,
  "meshCorners": 2038141,
  "exportBytes": 79500418,
  "pass": true,
  "visualAcceptance": "Requires actual gameplay image review; structural checks are not visual acceptance"
}
