Ground shadow bake is stale; export uses geometric fallback until rebaked
GROUND BAKE 0 / 4096 seconds 0.0
GROUND BAKE 128 / 4096 seconds 1.6
GROUND BAKE 256 / 4096 seconds 3.5
GROUND BAKE 384 / 4096 seconds 12.4
GROUND BAKE 512 / 4096 seconds 22.8
GROUND BAKE 640 / 4096 seconds 42.5
GROUND BAKE 768 / 4096 seconds 60.2
GROUND BAKE 896 / 4096 seconds 76.3
GROUND BAKE 1024 / 4096 seconds 90.1
GROUND BAKE 1152 / 4096 seconds 101.1
GROUND BAKE 1280 / 4096 seconds 113.8
GROUND BAKE 1408 / 4096 seconds 130.5
GROUND BAKE 1536 / 4096 seconds 142.9
GROUND BAKE 1664 / 4096 seconds 152.5
GROUND BAKE 1792 / 4096 seconds 164.5
GROUND BAKE 1920 / 4096 seconds 177.6
GROUND BAKE 2048 / 4096 seconds 194.0
GROUND BAKE 2176 / 4096 seconds 205.8
GROUND BAKE 2304 / 4096 seconds 220.7
GROUND BAKE 2432 / 4096 seconds 232.0
GROUND BAKE 2560 / 4096 seconds 244.2
GROUND BAKE 2688 / 4096 seconds 253.6
GROUND BAKE 2816 / 4096 seconds 268.6
GROUND BAKE 2944 / 4096 seconds 281.6
GROUND BAKE 3072 / 4096 seconds 293.0
GROUND BAKE 3200 / 4096 seconds 303.7
GROUND BAKE 3328 / 4096 seconds 316.7
GROUND BAKE 3456 / 4096 seconds 326.7
GROUND BAKE 3584 / 4096 seconds 338.1
GROUND BAKE 3712 / 4096 seconds 346.6
GROUND BAKE 3840 / 4096 seconds 353.4
GROUND BAKE 3968 / 4096 seconds 355.4
Info: Saved "wayfarer-spatial.blend"
Exported 264 objects from authoring/wayfarer-spatial.blend to /workspace/Astraeon-online/world/v3/wayfarer-spatial.json
Saved native floor shadow bake 12624220 land pixels, 4690272 shadowed; 400.9 seconds
Blender 4.3.2
Read blend: "/workspace/Astraeon-online/authoring/wayfarer-spatial.blend"

Blender quit
