LOW LODGE ENTRY capital-market-061-a
LOW LODGE ENTRY capital-market-065-a
LOW LODGE ENTRY capital-market-065-b
LOW LODGE ENTRY capital-market-072
LOW LODGE ENTRY capital-neighborhood-015
LOW LODGE ENTRY capital-residential-041-b
LOW LODGE ENTRY capital-residential-044-a
LOW LODGE ENTRY capital-residential-058-a
LOW LODGE ENTRY capital-residential-067-a
LOW LODGE ENTRY capital-residential-070-b
LOW LODGE ENTRY capital-residential-073-a
LOW LODGE ENTRY capital-townhouse-078
LOW LODGE ENTRY capital-townhouse-079
GROUNDED NEW FRONTAGE capital-infill-000
GROUNDED NEW FRONTAGE capital-infill-001
GROUNDED NEW FRONTAGE capital-infill-002
GROUNDED NEW FRONTAGE capital-infill-003
GROUNDED NEW FRONTAGE capital-market-030
GROUNDED NEW FRONTAGE capital-market-031-a
GROUNDED NEW FRONTAGE capital-market-031-b
GROUNDED NEW FRONTAGE capital-market-036
GROUNDED NEW FRONTAGE capital-market-059
GROUNDED NEW FRONTAGE capital-market-060
GROUNDED NEW FRONTAGE capital-market-061-a
GROUNDED NEW FRONTAGE capital-market-061-b
GROUNDED NEW FRONTAGE capital-market-062-a
GROUNDED NEW FRONTAGE capital-market-062-b
GROUNDED NEW FRONTAGE capital-market-063
GROUNDED NEW FRONTAGE capital-market-064-a
GROUNDED NEW FRONTAGE capital-market-064-b
GROUNDED NEW FRONTAGE capital-market-065-a
GROUNDED NEW FRONTAGE capital-market-065-b
GROUNDED NEW FRONTAGE capital-market-066
GROUNDED NEW FRONTAGE capital-market-072
GROUNDED NEW FRONTAGE capital-neighborhood-001
GROUNDED NEW FRONTAGE capital-neighborhood-002
GROUNDED NEW FRONTAGE capital-neighborhood-004
GROUNDED NEW FRONTAGE capital-neighborhood-005
GROUNDED NEW FRONTAGE capital-neighborhood-007
GROUNDED NEW FRONTAGE capital-neighborhood-008
GROUNDED NEW FRONTAGE capital-neighborhood-009
GROUNDED NEW FRONTAGE capital-neighborhood-011
GROUNDED NEW FRONTAGE capital-neighborhood-013
GROUNDED NEW FRONTAGE capital-neighborhood-015
GROUNDED NEW FRONTAGE capital-neighborhood-016
GROUNDED NEW FRONTAGE capital-neighborhood-019
GROUNDED NEW FRONTAGE capital-neighborhood-020
GROUNDED NEW FRONTAGE capital-neighborhood-021
GROUNDED NEW FRONTAGE capital-neighborhood-022
GROUNDED NEW FRONTAGE capital-neighborhood-023
GROUNDED NEW FRONTAGE capital-neighborhood-024
GROUNDED NEW FRONTAGE capital-neighborhood-025
GROUNDED NEW FRONTAGE capital-neighborhood-026
GROUNDED NEW FRONTAGE capital-neighborhood-028
GROUNDED NEW FRONTAGE capital-neighborhood-029
GROUNDED NEW FRONTAGE capital-neighborhood-030
GROUNDED NEW FRONTAGE capital-neighborhood-031
GROUNDED NEW FRONTAGE capital-residential-028-a
GROUNDED NEW FRONTAGE capital-residential-028-b
GROUNDED NEW FRONTAGE capital-residential-029-a
GROUNDED NEW FRONTAGE capital-residential-029-b
GROUNDED NEW FRONTAGE capital-residential-035-a
GROUNDED NEW FRONTAGE capital-residential-035-b
GROUNDED NEW FRONTAGE capital-residential-039
GROUNDED NEW FRONTAGE capital-residential-040-a
GROUNDED NEW FRONTAGE capital-residential-040-b
GROUNDED NEW FRONTAGE capital-residential-041-a
GROUNDED NEW FRONTAGE capital-residential-041-b
GROUNDED NEW FRONTAGE capital-residential-042
GROUNDED NEW FRONTAGE capital-residential-043-a
GROUNDED NEW FRONTAGE capital-residential-043-b
GROUNDED NEW FRONTAGE capital-residential-044-a
GROUNDED NEW FRONTAGE capital-residential-044-b
GROUNDED NEW FRONTAGE capital-residential-046-b
GROUNDED NEW FRONTAGE capital-residential-047
GROUNDED NEW FRONTAGE capital-residential-048
GROUNDED NEW FRONTAGE capital-residential-049-a
GROUNDED NEW FRONTAGE capital-residential-049-b
GROUNDED NEW FRONTAGE capital-residential-050-a
GROUNDED NEW FRONTAGE capital-residential-050-b
GROUNDED NEW FRONTAGE capital-residential-051
GROUNDED NEW FRONTAGE capital-residential-052-a
GROUNDED NEW FRONTAGE capital-residential-052-b
GROUNDED NEW FRONTAGE capital-residential-058-a
GROUNDED NEW FRONTAGE capital-residential-058-b
GROUNDED NEW FRONTAGE capital-residential-067-a
GROUNDED NEW FRONTAGE capital-residential-068-a
GROUNDED NEW FRONTAGE capital-residential-068-b
GROUNDED NEW FRONTAGE capital-residential-070-a
GROUNDED NEW FRONTAGE capital-residential-070-b
GROUNDED NEW FRONTAGE capital-residential-071
GROUNDED NEW FRONTAGE capital-residential-073-a
GROUNDED NEW FRONTAGE capital-residential-073-b
GROUNDED NEW FRONTAGE capital-residential-074-a
GROUNDED NEW FRONTAGE capital-residential-074-b
GROUNDED NEW FRONTAGE capital-residential-075
GROUNDED NEW FRONTAGE capital-residential-076-a
GROUNDED NEW FRONTAGE capital-residential-076-b
GROUNDED NEW FRONTAGE capital-residential-077-a
GROUNDED NEW FRONTAGE capital-residential-077-b
GROUNDED NEW FRONTAGE capital-townhouse-078
GROUNDED NEW FRONTAGE capital-townhouse-079
GROUNDED NEW FRONTAGE capital-townhouse-080
GROUNDED NEW FRONTAGE capital-townhouse-081
GROUNDED NEW FRONTAGE capital-townhouse-082
GROUNDED NEW FRONTAGE capital-townhouse-083
GROUNDED NEW FRONTAGE capital-townhouse-084
GROUNDED NEW FRONTAGE capital-townhouse-085
GROUNDED NEW FRONTAGE capital-townhouse-086
GROUNDED NEW FRONTAGE capital-townhouse-087
GROUNDED NEW FRONTAGE capital-townhouse-088
GROUNDED NEW FRONTAGE capital-townhouse-089
GROUNDED NEW FRONTAGE capital-townhouse-090
GROUNDED NEW FRONTAGE capital-townhouse-091
GROUNDED NEW FRONTAGE capital-townhouse-092
GROUNDED NEW FRONTAGE capital-townhouse-093
GROUNDED NEW FRONTAGE capital-townhouse-094
GROUNDED NEW FRONTAGE capital-townhouse-095
GROUNDED NEW FRONTAGE capital-workshop-032-a
GROUNDED NEW FRONTAGE capital-workshop-032-b
GROUNDED NEW FRONTAGE capital-workshop-034-a
GROUNDED NEW FRONTAGE capital-workshop-034-b
GROUNDED NEW FRONTAGE capital-workshop-037-a
GROUNDED NEW FRONTAGE capital-workshop-037-b
GROUNDED NEW FRONTAGE capital-workshop-038-a
GROUNDED NEW FRONTAGE capital-workshop-038-b
GROUNDED NEW FRONTAGE capital-workshop-053-a
GROUNDED NEW FRONTAGE capital-workshop-053-b
GROUNDED NEW FRONTAGE capital-workshop-054
GROUNDED NEW FRONTAGE capital-workshop-055-a
GROUNDED NEW FRONTAGE capital-workshop-055-b
GROUNDED NEW FRONTAGE capital-workshop-056-a
GROUNDED NEW FRONTAGE capital-workshop-056-b
GROUNDED NEW FRONTAGE capital-workshop-057
SUPPORTED CIVIC ROOFS capital-council-chambers
SUPPORTED CIVIC ROOFS capital-grand-archive
SUPPORTED CIVIC ROOFS capital-trade-exchange
PACK capital-council-chambers
PACK capital-grand-archive
PACK capital-infill-000
PACK capital-infill-001
PACK capital-infill-002
PACK capital-infill-003
PACK capital-market-030
PACK capital-market-031-a
PACK capital-market-031-b
PACK capital-market-036
PACK capital-market-059
PACK capital-market-060
PACK capital-market-061-a
PACK capital-market-061-b
PACK capital-market-062-a
PACK capital-market-062-b
PACK capital-market-063
PACK capital-market-064-a
PACK capital-market-064-b
PACK capital-market-065-a
PACK capital-market-065-b
PACK capital-market-066
PACK capital-market-072
PACK capital-neighborhood-001
PACK capital-neighborhood-002
PACK capital-neighborhood-004
PACK capital-neighborhood-005
PACK capital-neighborhood-007
PACK capital-neighborhood-008
PACK capital-neighborhood-009
PACK capital-neighborhood-011
PACK capital-neighborhood-013
PACK capital-neighborhood-015
PACK capital-neighborhood-016
PACK capital-neighborhood-019
PACK capital-neighborhood-020
PACK capital-neighborhood-021
PACK capital-neighborhood-022
PACK capital-neighborhood-023
PACK capital-neighborhood-024
PACK capital-neighborhood-025
PACK capital-neighborhood-026
PACK capital-neighborhood-028
PACK capital-neighborhood-029
PACK capital-neighborhood-030
PACK capital-neighborhood-031
PACK capital-residential-028-a
PACK capital-residential-028-b
PACK capital-residential-029-a
PACK capital-residential-029-b
PACK capital-residential-035-a
PACK capital-residential-035-b
PACK capital-residential-039
PACK capital-residential-040-a
PACK capital-residential-040-b
PACK capital-residential-041-a
PACK capital-residential-041-b
PACK capital-residential-042
PACK capital-residential-043-a
PACK capital-residential-043-b
PACK capital-residential-044-a
PACK capital-residential-044-b
PACK capital-residential-046-b
PACK capital-residential-047
PACK capital-residential-048
PACK capital-residential-049-a
PACK capital-residential-049-b
PACK capital-residential-050-a
PACK capital-residential-050-b
PACK capital-residential-051
PACK capital-residential-052-a
PACK capital-residential-052-b
PACK capital-residential-058-a
PACK capital-residential-058-b
PACK capital-residential-067-a
PACK capital-residential-068-a
PACK capital-residential-068-b
PACK capital-residential-070-a
PACK capital-residential-070-b
PACK capital-residential-071
PACK capital-residential-073-a
PACK capital-residential-073-b
PACK capital-residential-074-a
PACK capital-residential-074-b
PACK capital-residential-075
PACK capital-residential-076-a
PACK capital-residential-076-b
PACK capital-residential-077-a
PACK capital-residential-077-b
PACK capital-townhouse-078
PACK capital-townhouse-079
PACK capital-townhouse-080
PACK capital-townhouse-081
PACK capital-townhouse-082
PACK capital-townhouse-083
PACK capital-townhouse-084
PACK capital-townhouse-085
PACK capital-townhouse-086
PACK capital-townhouse-087
PACK capital-townhouse-088
PACK capital-townhouse-089
PACK capital-townhouse-090
PACK capital-townhouse-091
PACK capital-townhouse-092
PACK capital-townhouse-093
PACK capital-townhouse-094
PACK capital-townhouse-095
PACK capital-trade-exchange
PACK capital-workshop-032-a
PACK capital-workshop-032-b
PACK capital-workshop-034-a
PACK capital-workshop-034-b
PACK capital-workshop-037-a
PACK capital-workshop-037-b
PACK capital-workshop-038-a
PACK capital-workshop-038-b
PACK capital-workshop-053-a
PACK capital-workshop-053-b
PACK capital-workshop-054
PACK capital-workshop-055-a
PACK capital-workshop-055-b
PACK capital-workshop-056-a
PACK capital-workshop-056-b
PACK capital-workshop-057
Info: Saved "wayfarer-spatial.blend"
Ground shadow bake is stale; export uses geometric fallback until rebaked
Exported 264 objects from authoring/wayfarer-spatial.blend to /workspace/Astraeon-online/world/v3/wayfarer-spatial.json
Native component packing {"before": 36420, "after": 1967, "editableComponentGroups": 35637, "faceGeometryAndUVsRetained": true, "inheritedAssembliesUntouched": true}
Blender 4.3.2
Read blend: "/workspace/Astraeon-online/authoring/wayfarer-spatial.blend"

Blender quit
