NEW FAMILY capital-townhouse-088 front-gable
NEW FAMILY capital-residential-028-a half-hip
NEW FAMILY capital-townhouse-079 craft-lodge
NEW FAMILY capital-townhouse-092 guild-mansard
NEW FAMILY capital-townhouse-080 cross-gable
NEW FAMILY capital-townhouse-083 front-gable
NEW FAMILY capital-residential-073-a craft-lodge
NEW FAMILY capital-townhouse-085 half-hip
NEW FAMILY capital-townhouse-089 front-gable
NEW FAMILY capital-townhouse-095 cross-gable
NEW FAMILY capital-residential-048 oriel-house
NEW FAMILY capital-residential-035-a cross-gable
NEW FAMILY capital-townhouse-091 half-hip
NEW FAMILY capital-workshop-055-a cross-gable
NEW FAMILY capital-townhouse-094 guild-mansard
NEW FAMILY capital-townhouse-082 cross-gable
NEW FAMILY capital-residential-075 guild-mansard
NEW FAMILY capital-townhouse-086 cross-gable
NEW FAMILY capital-townhouse-087 oriel-house
NEW FAMILY capital-workshop-056-a guild-mansard
NEW FAMILY capital-townhouse-081 guild-mansard
NEW FAMILY capital-townhouse-090 cross-gable
NEW FAMILY capital-residential-077-a oriel-house
NEW FAMILY capital-townhouse-093 guild-mansard
NEW FAMILY capital-residential-039 oriel-house
NEW FAMILY capital-townhouse-084 cross-gable
NEW FAMILY capital-townhouse-078 craft-lodge
NEW FAMILY capital-residential-051 front-gable
NEW FAMILY capital-workshop-054 guild-mansard
NEW FAMILY capital-residential-040-a twin-gable
NEW FAMILY capital-residential-050-a half-hip
NEW FAMILY capital-workshop-034-b twin-gable
NEW FAMILY capital-workshop-053-b cross-gable
NEW FAMILY capital-residential-029-b courtyard-villa
NEW FAMILY capital-residential-035-b twin-gable
NEW FAMILY capital-market-066 half-hip
NEW FAMILY capital-residential-068-a guild-mansard
NEW FAMILY capital-residential-029-a oriel-house
NEW FAMILY capital-residential-046-b cross-gable
NEW FAMILY capital-residential-067-a craft-lodge
NEW FAMILY capital-market-036 merchant-hall
NEW FAMILY capital-neighborhood-026 guild-mansard
NEW FAMILY capital-market-060 merchant-hall
NEW FAMILY capital-market-063 front-gable
NEW FAMILY capital-neighborhood-028 cross-gable
NEW FAMILY capital-market-030 half-hip
NEW FAMILY capital-neighborhood-030 cross-gable
NEW FAMILY capital-neighborhood-031 guild-mansard
NEW FAMILY capital-neighborhood-029 cross-gable
NEW FAMILY capital-infill-002 oriel-house
NEW FAMILY capital-residential-043-a courtyard-villa
NEW FAMILY capital-residential-049-b front-gable
NEW FAMILY capital-residential-042 guild-mansard
NEW FAMILY capital-residential-058-a craft-lodge
NEW FAMILY capital-workshop-057 front-gable
NEW FAMILY capital-workshop-034-a cross-gable
NEW FAMILY capital-market-072 craft-lodge
NEW FAMILY capital-workshop-038-b half-hip
NEW FAMILY capital-workshop-053-a oriel-house
NEW FAMILY capital-workshop-055-b half-hip
NEW FAMILY capital-residential-043-b half-hip
NEW FAMILY capital-infill-001 cross-gable
NEW FAMILY capital-infill-003 half-hip
NEW FAMILY capital-market-059 front-gable
NEW FAMILY capital-residential-071 half-hip
NEW FAMILY capital-residential-047 oriel-house
NEW FAMILY capital-market-064-b oriel-house
NEW FAMILY capital-market-031-a front-gable
NEW FAMILY capital-market-031-b merchant-hall
NEW FAMILY capital-market-065-b craft-lodge
NEW FAMILY capital-market-065-a craft-lodge
NEW FAMILY capital-market-064-a cross-gable
NEW FAMILY capital-market-062-a cross-gable
NEW FAMILY capital-infill-000 half-hip
NEW FAMILY capital-market-061-b oriel-house
NEW FAMILY capital-market-061-a craft-lodge
NEW FAMILY capital-market-062-b merchant-hall
NEW FAMILY capital-residential-044-b front-gable
NEW FAMILY capital-residential-068-b oriel-house
NEW FAMILY capital-workshop-056-b cross-gable
NEW FAMILY capital-residential-052-b half-hip
NEW FAMILY capital-residential-076-b cross-gable
NEW FAMILY capital-residential-040-b oriel-house
NEW FAMILY capital-workshop-032-b oriel-house
NEW FAMILY capital-residential-028-b front-gable
NEW FAMILY capital-neighborhood-024 guild-mansard
NEW FAMILY capital-residential-077-b front-gable
NEW FAMILY capital-neighborhood-007 courtyard-villa
NEW FAMILY capital-neighborhood-013 cross-gable
NEW FAMILY capital-neighborhood-001 half-hip
NEW FAMILY capital-neighborhood-015 craft-lodge
NEW FAMILY capital-neighborhood-016 courtyard-villa
NEW FAMILY capital-neighborhood-008 cross-gable
NEW FAMILY capital-neighborhood-009 twin-gable
NEW FAMILY capital-neighborhood-011 twin-gable
NEW FAMILY capital-residential-070-a half-hip
NEW FAMILY capital-neighborhood-002 twin-gable
NEW FAMILY capital-neighborhood-004 half-hip
NEW FAMILY capital-neighborhood-005 oriel-house
NEW FAMILY capital-neighborhood-019 front-gable
NEW FAMILY capital-neighborhood-020 half-hip
NEW FAMILY capital-neighborhood-021 oriel-house
NEW FAMILY capital-neighborhood-022 cross-gable
NEW FAMILY capital-neighborhood-023 guild-mansard
NEW FAMILY capital-neighborhood-025 half-hip
NEW FAMILY capital-residential-074-a oriel-house
NEW FAMILY capital-residential-076-a cross-gable
NEW FAMILY capital-residential-070-b craft-lodge
NEW FAMILY capital-workshop-038-a half-hip
NEW FAMILY capital-residential-050-b oriel-house
NEW FAMILY capital-workshop-037-a front-gable
NEW FAMILY capital-workshop-037-b oriel-house
NEW FAMILY capital-residential-041-a front-gable
NEW FAMILY capital-residential-052-a cross-gable
NEW FAMILY capital-residential-049-a half-hip
NEW FAMILY capital-residential-058-b front-gable
NEW FAMILY capital-residential-074-b oriel-house
NEW FAMILY capital-residential-044-a craft-lodge
NEW FAMILY capital-workshop-032-a half-hip
NEW FAMILY capital-residential-073-b guild-mansard
NEW FAMILY capital-residential-041-b craft-lodge
CIVIC capital-council-chambers hipped-palazzo
CIVIC capital-grand-archive rose-nave-and-stair-tower
CIVIC capital-trade-exchange long-market-hall-and-belfry
PACK capital-council-chambers
PACK capital-grand-archive
PACK capital-infill-000
PACK capital-infill-001
PACK capital-infill-002
PACK capital-infill-003
PACK capital-market-030
PACK capital-market-031-a
PACK capital-market-031-b
PACK capital-market-036
PACK capital-market-059
PACK capital-market-060
PACK capital-market-061-a
PACK capital-market-061-b
PACK capital-market-062-a
PACK capital-market-062-b
PACK capital-market-063
PACK capital-market-064-a
PACK capital-market-064-b
PACK capital-market-065-a
PACK capital-market-065-b
PACK capital-market-066
PACK capital-market-072
PACK capital-neighborhood-001
PACK capital-neighborhood-002
PACK capital-neighborhood-004
PACK capital-neighborhood-005
PACK capital-neighborhood-007
PACK capital-neighborhood-008
PACK capital-neighborhood-009
PACK capital-neighborhood-011
PACK capital-neighborhood-013
PACK capital-neighborhood-015
PACK capital-neighborhood-016
PACK capital-neighborhood-019
PACK capital-neighborhood-020
PACK capital-neighborhood-021
PACK capital-neighborhood-022
PACK capital-neighborhood-023
PACK capital-neighborhood-024
PACK capital-neighborhood-025
PACK capital-neighborhood-026
PACK capital-neighborhood-028
PACK capital-neighborhood-029
PACK capital-neighborhood-030
PACK capital-neighborhood-031
PACK capital-residential-028-a
PACK capital-residential-028-b
PACK capital-residential-029-a
PACK capital-residential-029-b
PACK capital-residential-035-a
PACK capital-residential-035-b
PACK capital-residential-039
PACK capital-residential-040-a
PACK capital-residential-040-b
PACK capital-residential-041-a
PACK capital-residential-041-b
PACK capital-residential-042
PACK capital-residential-043-a
PACK capital-residential-043-b
PACK capital-residential-044-a
PACK capital-residential-044-b
PACK capital-residential-046-b
PACK capital-residential-047
PACK capital-residential-048
PACK capital-residential-049-a
PACK capital-residential-049-b
PACK capital-residential-050-a
PACK capital-residential-050-b
PACK capital-residential-051
PACK capital-residential-052-a
PACK capital-residential-052-b
PACK capital-residential-058-a
PACK capital-residential-058-b
PACK capital-residential-067-a
PACK capital-residential-068-a
PACK capital-residential-068-b
PACK capital-residential-070-a
PACK capital-residential-070-b
PACK capital-residential-071
PACK capital-residential-073-a
PACK capital-residential-073-b
PACK capital-residential-074-a
PACK capital-residential-074-b
PACK capital-residential-075
PACK capital-residential-076-a
PACK capital-residential-076-b
PACK capital-residential-077-a
PACK capital-residential-077-b
PACK capital-townhouse-078
PACK capital-townhouse-079
PACK capital-townhouse-080
PACK capital-townhouse-081
PACK capital-townhouse-082
PACK capital-townhouse-083
PACK capital-townhouse-084
PACK capital-townhouse-085
PACK capital-townhouse-086
PACK capital-townhouse-087
PACK capital-townhouse-088
PACK capital-townhouse-089
PACK capital-townhouse-090
PACK capital-townhouse-091
PACK capital-townhouse-092
PACK capital-townhouse-093
PACK capital-townhouse-094
PACK capital-townhouse-095
PACK capital-trade-exchange
PACK capital-workshop-032-a
PACK capital-workshop-032-b
PACK capital-workshop-034-a
PACK capital-workshop-034-b
PACK capital-workshop-037-a
PACK capital-workshop-037-b
PACK capital-workshop-038-a
PACK capital-workshop-038-b
PACK capital-workshop-053-a
PACK capital-workshop-053-b
PACK capital-workshop-054
PACK capital-workshop-055-a
PACK capital-workshop-055-b
PACK capital-workshop-056-a
PACK capital-workshop-056-b
PACK capital-workshop-057
Info: Saved "wayfarer-spatial.blend"
Ground shadow bake is stale; export uses geometric fallback until rebaked
Exported 264 objects from authoring/wayfarer-spatial.blend to /workspace/Astraeon-online/world/v3/wayfarer-spatial.json
Native component packing {"before": 36212, "after": 1909, "editableComponentGroups": 35383, "faceGeometryAndUVsRetained": true, "inheritedAssembliesUntouched": true}
Distinct native capital architecture saved
Blender 4.3.2
Read blend: "/workspace/Astraeon-online/authoring/wayfarer-spatial.blend"

Blender quit
