BAKE 0 / 38347 corners 24
BAKE 700 / 38347 corners 18663
BAKE 1400 / 38347 corners 43352
BAKE 2100 / 38347 corners 108871
BAKE 2800 / 38347 corners 125671
BAKE 3500 / 38347 corners 142471
BAKE 4200 / 38347 corners 264793
BAKE 4900 / 38347 corners 311385
BAKE 5600 / 38347 corners 453894
BAKE 6300 / 38347 corners 481814
BAKE 7000 / 38347 corners 539168
BAKE 7700 / 38347 corners 644727
BAKE 8400 / 38347 corners 698194
BAKE 9100 / 38347 corners 756797
BAKE 9800 / 38347 corners 811004
BAKE 10500 / 38347 corners 903961
BAKE 11200 / 38347 corners 976137
BAKE 11900 / 38347 corners 1012580
BAKE 12600 / 38347 corners 1036647
BAKE 13300 / 38347 corners 1062945
BAKE 14000 / 38347 corners 1079473
BAKE 14700 / 38347 corners 1096063
BAKE 15400 / 38347 corners 1111098
BAKE 16100 / 38347 corners 1128686
BAKE 16800 / 38347 corners 1145613
BAKE 17500 / 38347 corners 1162369
BAKE 18200 / 38347 corners 1178575
BAKE 18900 / 38347 corners 1195591
BAKE 19600 / 38347 corners 1213107
BAKE 20300 / 38347 corners 1230215
BAKE 21000 / 38347 corners 1246868
BAKE 21700 / 38347 corners 1269064
BAKE 22400 / 38347 corners 1285992
BAKE 23100 / 38347 corners 1301531
BAKE 23800 / 38347 corners 1319071
BAKE 24500 / 38347 corners 1335762
BAKE 25200 / 38347 corners 1352646
BAKE 25900 / 38347 corners 1369727
BAKE 26600 / 38347 corners 1386574
BAKE 27300 / 38347 corners 1403286
BAKE 28000 / 38347 corners 1419410
BAKE 28700 / 38347 corners 1435567
BAKE 29400 / 38347 corners 1452878
BAKE 30100 / 38347 corners 1470439
BAKE 30800 / 38347 corners 1486350
BAKE 31500 / 38347 corners 1502786
BAKE 32200 / 38347 corners 1539301
BAKE 32900 / 38347 corners 1556021
BAKE 33600 / 38347 corners 1573172
BAKE 34300 / 38347 corners 1605118
BAKE 35000 / 38347 corners 1622933
BAKE 35700 / 38347 corners 1640651
BAKE 36400 / 38347 corners 1657506
BAKE 37100 / 38347 corners 1673698
BAKE 37800 / 38347 corners 1691978
Info: Saved "wayfarer-spatial.blend"
Ground shadow bake is stale; export uses geometric fallback until rebaked
Exported 286 objects from authoring/wayfarer-spatial.blend to /workspace/Astraeon-online/world/v3/wayfarer-spatial.json
Baked 1705028 corners on 38347 meshes in 169.6 seconds
Blender 4.3.2
Read blend: "/workspace/Astraeon-online/authoring/wayfarer-spatial.blend"

Blender quit
