Ground shadow bake is stale; export uses geometric fallback until rebaked
GROUND BAKE 0 / 4096 seconds 0.0
GROUND BAKE 128 / 4096 seconds 1.8
GROUND BAKE 256 / 4096 seconds 3.9
GROUND BAKE 384 / 4096 seconds 15.0
GROUND BAKE 512 / 4096 seconds 26.5
GROUND BAKE 640 / 4096 seconds 38.8
GROUND BAKE 768 / 4096 seconds 53.1
GROUND BAKE 896 / 4096 seconds 71.1
GROUND BAKE 1024 / 4096 seconds 90.1
GROUND BAKE 1152 / 4096 seconds 101.9
GROUND BAKE 1280 / 4096 seconds 112.9
GROUND BAKE 1408 / 4096 seconds 126.7
GROUND BAKE 1536 / 4096 seconds 140.2
GROUND BAKE 1664 / 4096 seconds 150.9
GROUND BAKE 1792 / 4096 seconds 164.6
GROUND BAKE 1920 / 4096 seconds 178.4
GROUND BAKE 2048 / 4096 seconds 191.2
GROUND BAKE 2176 / 4096 seconds 202.3
GROUND BAKE 2304 / 4096 seconds 215.3
GROUND BAKE 2432 / 4096 seconds 227.2
GROUND BAKE 2560 / 4096 seconds 239.8
GROUND BAKE 2688 / 4096 seconds 250.4
GROUND BAKE 2816 / 4096 seconds 263.1
GROUND BAKE 2944 / 4096 seconds 277.0
GROUND BAKE 3072 / 4096 seconds 288.7
GROUND BAKE 3200 / 4096 seconds 298.8
GROUND BAKE 3328 / 4096 seconds 311.9
GROUND BAKE 3456 / 4096 seconds 322.4
GROUND BAKE 3584 / 4096 seconds 330.4
GROUND BAKE 3712 / 4096 seconds 338.6
GROUND BAKE 3840 / 4096 seconds 345.1
GROUND BAKE 3968 / 4096 seconds 347.0
Info: Saved "wayfarer-spatial.blend"
Exported 286 objects from authoring/wayfarer-spatial.blend to /workspace/Astraeon-online/world/v3/wayfarer-spatial.json
Saved native floor shadow bake 12624220 land pixels, 5748027 shadowed; 386.9 seconds
Blender 4.3.2
Read blend: "/workspace/Astraeon-online/authoring/wayfarer-spatial.blend"

Blender quit
