START geometry-delta 01:28:38
END geometry-delta 0
START prepare-alpha 01:28:53
END prepare-alpha 0
START building-light 01:28:59
END building-light 0
START foliage-light 01:32:08
END foliage-light 0
START ground-light 01:33:30
END ground-light 0
START native-parity 01:40:42
END native-parity -9
START native-parity 01:43:58
END native-parity 0
START declared-delta 01:45:53
END declared-delta 0
START architecture 01:46:14
END architecture 0
START assembly 01:46:30
END assembly 0
START density 01:46:50
END density 0
START traversal 01:47:08
END traversal 0
START schema 01:47:13
END schema 0
START node 01:49:56
END node 0
