{
  "selectedTrees": 18,
  "rejected": [
    {
      "id": "capital-street-tree-v77-west-neighborhood-north",
      "radiusBudget": 0.853342085945969,
      "beforeRadius": 1.7309701694208794,
      "reason": "Insufficient safe broadening clearance"
    },
    {
      "id": "capital-street-tree-v77-west-neighborhood-south",
      "radiusBudget": 0.8367597461562795,
      "beforeRadius": 1.8311213088296434,
      "reason": "Insufficient safe broadening clearance"
    },
    {
      "id": "capital-tree-027",
      "radiusBudget": 1.395091957424891,
      "beforeRadius": 1.4559505131785824,
      "reason": "Insufficient safe broadening clearance"
    },
    {
      "id": "capital-tree-028",
      "radiusBudget": 1.0849999999999966,
      "beforeRadius": 1.3937735305636965,
      "reason": "Insufficient safe broadening clearance"
    },
    {
      "id": "capital-tree-033",
      "radiusBudget": 0.7039899999999932,
      "beforeRadius": 1.462852845435918,
      "reason": "Insufficient safe broadening clearance"
    },
    {
      "id": "capital-tree-034",
      "radiusBudget": 1.0849999999999966,
      "beforeRadius": 1.3820758076169402,
      "reason": "Insufficient safe broadening clearance"
    }
  ],
  "radii": [
    [
      "capital-street-tree-v77-plaza-northeast",
      1.731,
      2.285
    ],
    [
      "capital-street-tree-v77-plaza-northwest",
      1.631,
      2.153
    ],
    [
      "capital-street-tree-v77-plaza-southeast",
      1.631,
      2.153
    ],
    [
      "capital-street-tree-v77-plaza-southwest",
      1.831,
      2.417
    ],
    [
      "capital-tree-026",
      1.392,
      1.838
    ],
    [
      "capital-tree-029",
      1.449,
      1.715
    ],
    [
      "capital-tree-032",
      1.389,
      1.833
    ],
    [
      "capital-tree-035",
      1.452,
      1.715
    ],
    [
      "capital-tree-064",
      1.277,
      1.686
    ],
    [
      "capital-tree-066",
      1.294,
      1.708
    ],
    [
      "capital-tree-068",
      1.295,
      1.71
    ],
    [
      "capital-tree-069",
      1.335,
      1.763
    ],
    [
      "capital-tree-070",
      1.296,
      1.711
    ],
    [
      "capital-tree-071",
      1.353,
      1.786
    ],
    [
      "capital-tree-073",
      1.344,
      1.774
    ],
    [
      "capital-tree-075",
      1.357,
      1.791
    ],
    [
      "plaza-oak-east",
      1.887,
      2.49
    ],
    [
      "plaza-oak-west",
      1.646,
      2.172
    ]
  ],
  "newTriangles": 0,
  "newImages": 0
}
