c-1_4 130 432
c0_0 8013 36016
c0_1 104695 376596
c0_2 93842 367840
c0_3 129056 462272
c0_4 279546 1288108
c0_5 95168 366148
c0_6 93377 366976
c0_7 72288 296612
c0_8 6482 25712
c1_0 41875 200960
c1_1 543189 2634060
c1_2 483672 2308988
c1_3 546266 2186020
c1_4 377503 1589328
c1_5 547223 2379672
c1_6 841032 3638372
c1_7 379543 1692356
c1_8 35369 189984
c2_0 37059 192976
c2_1 455654 2673564
c2_2 922658 3925832
c2_3 991076 3792692
c2_4 445240 1892572
c2_5 797674 3185120
c2_6 1053686 4453252
c2_7 405162 1570952
c2_8 33898 181552
c3_0 41761 206992
c3_1 980460 4159812
c3_2 382589 1468724
c3_3 707429 3165460
c3_4 507809 2021284
c3_5 683404 3080388
c3_6 690633 2777316
c3_7 319639 1258664
c3_8 101449 393476
c4_0 44138 207472
c4_1 975196 4078152
c4_2 295624 1089472
c4_3 778750 3421780
c4_4 483605 1942792
c4_5 546276 2222292
c4_6 790035 3416840
c4_7 471543 1906356
c4_8 100438 394268
c5_0 37166 192976
c5_1 610841 3274236
c5_2 533719 2726168
c5_3 705477 3272484
c5_4 483214 1901004
c5_5 541166 2167060
c5_6 627328 2737860
c5_7 433412 1819224
c5_8 62450 270136
c6_0 42446 202656
c6_1 553984 2810892
c6_2 313706 1456368
c6_3 452904 1879868
c6_4 383543 1705444
c6_5 460476 2030196
c6_6 380217 1774324
c6_7 219663 966908
c6_8 40012 191216
c7_0 9056 37652
c7_1 107741 395488
c7_2 95718 389584
c7_3 96381 392528
c7_4 243842 1138120
c7_5 127151 468508
c7_6 95520 387424
c7_7 72774 306948
c7_8 6360 24568
c8_4 240 864
global 221 672
{
  "sourceSHA256": "63e757ec6df1f533c77f0b8c2acf93da49cd3b3bf1a0fa5433d3bea953c304b3",
  "conversionSHA256": "a3e4dcf054fe4d26f50b98d7fbf47eb2a10a5efdf8c7c17d2e7a59c59904e823",
  "chunks": 75,
  "triangles": 1412547,
  "rawBytes": 114407880,
  "compressedBytes": 26457882,
  "semanticsBytes": 1008809,
  "zoneManifestBytes": 31995,
  "assetCount": 23,
  "sourceUnchanged": true
}
