BAKE 0 / 34679 corners 24
BAKE 700 / 34679 corners 18663
BAKE 1400 / 34679 corners 43352
BAKE 2100 / 34679 corners 108871
BAKE 2800 / 34679 corners 125671
BAKE 3500 / 34679 corners 142471
BAKE 4200 / 34679 corners 264793
BAKE 4900 / 34679 corners 461272
BAKE 5600 / 34679 corners 503567
BAKE 6300 / 34679 corners 730674
BAKE 7000 / 34679 corners 828839
BAKE 7700 / 34679 corners 967624
BAKE 8400 / 34679 corners 984184
BAKE 9100 / 34679 corners 1017134
BAKE 9800 / 34679 corners 1032415
BAKE 10500 / 34679 corners 1049244
BAKE 11200 / 34679 corners 1067208
BAKE 11900 / 34679 corners 1083507
BAKE 12600 / 34679 corners 1100258
BAKE 13300 / 34679 corners 1114924
BAKE 14000 / 34679 corners 1131697
BAKE 14700 / 34679 corners 1148540
BAKE 15400 / 34679 corners 1165908
BAKE 16100 / 34679 corners 1183482
BAKE 16800 / 34679 corners 1201062
BAKE 17500 / 34679 corners 1217545
BAKE 18200 / 34679 corners 1240047
BAKE 18900 / 34679 corners 1256600
BAKE 19600 / 34679 corners 1271811
BAKE 20300 / 34679 corners 1288795
BAKE 21000 / 34679 corners 1306288
BAKE 21700 / 34679 corners 1322963
BAKE 22400 / 34679 corners 1340018
BAKE 23100 / 34679 corners 1357669
BAKE 23800 / 34679 corners 1374319
BAKE 24500 / 34679 corners 1390172
BAKE 25200 / 34679 corners 1407257
BAKE 25900 / 34679 corners 1423097
BAKE 26600 / 34679 corners 1440636
BAKE 27300 / 34679 corners 1457495
BAKE 28000 / 34679 corners 1477221
BAKE 28700 / 34679 corners 1513182
BAKE 29400 / 34679 corners 1526824
BAKE 30100 / 34679 corners 1543794
BAKE 30800 / 34679 corners 1576159
BAKE 31500 / 34679 corners 1594036
BAKE 32200 / 34679 corners 1610562
BAKE 32900 / 34679 corners 1629004
BAKE 33600 / 34679 corners 1645417
BAKE 34300 / 34679 corners 1662954
Info: Saved "wayfarer-spatial.blend"
Ground shadow bake is stale; export uses geometric fallback until rebaked
Exported 273 objects from authoring/wayfarer-spatial.blend to /workspace/Astraeon-online/world/v3/wayfarer-spatial.json
Baked 1671717 corners on 34679 meshes in 161.3 seconds
Blender 4.3.2
Read blend: "/workspace/Astraeon-online/authoring/wayfarer-spatial.blend"

Blender quit
