Ground shadow bake is stale; export uses geometric fallback until rebaked
GROUND BAKE 0 / 4096 seconds 0.0
GROUND BAKE 128 / 4096 seconds 1.5
GROUND BAKE 256 / 4096 seconds 3.3
GROUND BAKE 384 / 4096 seconds 12.3
GROUND BAKE 512 / 4096 seconds 24.2
GROUND BAKE 640 / 4096 seconds 41.0
GROUND BAKE 768 / 4096 seconds 56.7
GROUND BAKE 896 / 4096 seconds 71.5
GROUND BAKE 1024 / 4096 seconds 85.8
GROUND BAKE 1152 / 4096 seconds 97.5
GROUND BAKE 1280 / 4096 seconds 108.4
GROUND BAKE 1408 / 4096 seconds 120.0
GROUND BAKE 1536 / 4096 seconds 133.0
GROUND BAKE 1664 / 4096 seconds 142.8
GROUND BAKE 1792 / 4096 seconds 155.2
GROUND BAKE 1920 / 4096 seconds 167.7
GROUND BAKE 2048 / 4096 seconds 181.2
GROUND BAKE 2176 / 4096 seconds 194.1
GROUND BAKE 2304 / 4096 seconds 207.5
GROUND BAKE 2432 / 4096 seconds 219.8
GROUND BAKE 2560 / 4096 seconds 232.5
GROUND BAKE 2688 / 4096 seconds 242.4
GROUND BAKE 2816 / 4096 seconds 255.2
GROUND BAKE 2944 / 4096 seconds 268.5
GROUND BAKE 3072 / 4096 seconds 280.1
GROUND BAKE 3200 / 4096 seconds 291.0
GROUND BAKE 3328 / 4096 seconds 304.1
GROUND BAKE 3456 / 4096 seconds 314.5
GROUND BAKE 3584 / 4096 seconds 323.1
GROUND BAKE 3712 / 4096 seconds 331.2
GROUND BAKE 3840 / 4096 seconds 337.5
GROUND BAKE 3968 / 4096 seconds 339.5
Info: Saved "wayfarer-spatial.blend"
Exported 273 objects from authoring/wayfarer-spatial.blend to /workspace/Astraeon-online/world/v3/wayfarer-spatial.json
Saved native floor shadow bake 12624220 land pixels, 5770636 shadowed; 391.3 seconds
Blender 4.3.2
Read blend: "/workspace/Astraeon-online/authoring/wayfarer-spatial.blend"

Blender quit
