cold-playable {'x': 13.4, 'y': 144, 'z': 0.025} 10 0 0
travel-[128.0, 150.0]-8 {'x': 42.95330359214481, 'y': 145.43849035908062, 'z': 0.025} 22 0 0
travel-[128.0, 150.0]-16 {'x': 72.5736184842655, 'y': 146.90507759188915, 'z': 0.025} 22 1 0
travel-[128.0, 150.0]-24 {'x': 101.77485808809598, 'y': 148.48699949205388, 'z': 0.025} 23 4 0
travel-[128.0, 150.0]-32 {'x': 127.69940400007096, 'y': 149.9629821974644, 'z': 0.025} 25 6 0
leg-0 {'x': 127.69940400007096, 'y': 149.9629821974644, 'z': 0.025} 25 6 0
travel-[80.0, 200.0]-8 {'x': 105.12390423586261, 'y': 168.44280709904615, 'z': 0.039999999999999994} 22 9 0
travel-[80.0, 200.0]-16 {'x': 83.4146704614931, 'y': 193.0575977463963, 'z': 0.025} 21 16 1
leg-1 {'x': 80.09951991961493, 'y': 199.7274521408622, 'z': 0.025} 21 16 1
travel-[13.4, 144.0]-8 {'x': 43.723313853790124, 'y': 159.55170869075806, 'z': 0.025} 22 21 7
travel-[13.4, 144.0]-16 {'x': 13.632358693613089, 'y': 144.0862042887677, 'z': 0.025} 17 28 9
leg-2 {'x': 13.632358693613089, 'y': 144.0862042887677, 'z': 0.025} 17 28 9
travel-[128.0, 150.0]-8 {'x': 43.32240449946886, 'y': 145.52667965599443, 'z': 0.024999999999999998} 22 28 14
travel-[128.0, 150.0]-16 {'x': 73.01294189051016, 'y': 146.95738330235574, 'z': 0.025} 22 29 15
travel-[128.0, 150.0]-24 {'x': 102.21931078092072, 'y': 148.4898656791747, 'z': 0.025} 23 32 19
travel-[128.0, 150.0]-32 {'x': 127.66464084493434, 'y': 149.96652345000868, 'z': 0.024999999999999998} 25 34 23
leg-3 {'x': 127.66464084493434, 'y': 149.96652345000868, 'z': 0.024999999999999998} 25 34 23
travel-final {'x': 127.66464084493434, 'y': 149.96652345000868, 'z': 0.024999999999999998} 25 34 23
warm-playable {'x': 127.66464084493434, 'y': 149.96652345000868, 'z': 0.024999999999999998} 13 0 0
PASS mobile cold/warm, ordinary traversal, chunk return reload, collision and duplicate guards
