SHELTER capital-townhouse-088 eave-gallery
SHELTER capital-townhouse-083 garden-hip
SHELTER frontage-riverside eave-gallery
SHELTER north-garden-house garden-hip
SHELTER capital-townhouse-089 entry-gable
SHELTER capital-residential-051 garden-hip
SHELTER capital-market-063 trade-lean-to
SHELTER capital-residential-049-b entry-gable
SHELTER capital-workshop-057 trade-lean-to
SHELTER capital-workshop-034-a trade-lean-to
SHELTER capital-market-059 trade-lean-to
SHELTER capital-market-031-a trade-lean-to
SHELTER capital-residential-044-b entry-gable
SHELTER capital-residential-040-b entry-gable
SHELTER capital-residential-077-b eave-gallery
SHELTER capital-neighborhood-019 entry-gable
SHELTER capital-workshop-037-a trade-lean-to
SHELTER capital-residential-041-a garden-hip
SHELTER capital-residential-058-b eave-gallery
Ground shadow bake is stale; export uses geometric fallback until rebaked
Info: Saved "wayfarer-spatial.blend"
Ground shadow bake is stale; export uses geometric fallback until rebaked
Exported 273 objects from authoring/wayfarer-spatial.blend to /workspace/Astraeon-online/world/v3/wayfarer-spatial.json
PASS saved19 guarded threshold shelters 4659 triangles
Blender 4.3.2
Read blend: "/workspace/Astraeon-online/authoring/wayfarer-spatial.blend"

Blender quit
