c-1_4 130 432
c0_0 8068 36304
c0_1 104801 376596
c0_2 93779 367840
c0_3 129052 462272
c0_4 279175 1288108
c0_5 94513 366148
c0_6 93194 366976
c0_7 72393 296612
c0_8 6546 25712
c1_0 41967 201296
c1_1 543225 2634060
c1_2 483672 2308988
c1_3 498446 2063248
c1_4 332806 1460640
c1_5 447204 1969396
c1_6 826905 3602080
c1_7 379481 1692356
c1_8 35441 189984
c2_0 37057 192976
c2_1 455654 2673564
c2_2 922658 3925832
c2_3 975994 3751448
c2_4 441243 1878652
c2_5 708059 2874376
c2_6 899098 3967732
c2_7 398869 1547084
c2_8 33896 181552
c3_0 41757 206992
c3_1 980460 4159812
c3_2 380279 1468724
c3_3 707334 3165460
c3_4 431997 1714432
c3_5 658804 2952252
c3_6 627584 2589844
c3_7 309813 1232040
c3_8 100351 393476
c4_0 44135 207472
c4_1 975196 4078152
c4_2 293424 1089472
c4_3 778743 3421780
c4_4 445785 1870300
c4_5 468151 2003300
c4_6 755982 3321868
c4_7 453927 1864208
c4_8 99283 394268
c5_0 37163 192976
c5_1 610841 3274236
c5_2 533719 2726168
c5_3 705477 3272484
c5_4 483214 1901004
c5_5 539119 2158740
c5_6 581481 2601140
c5_7 414130 1762836
c5_8 62432 270136
c6_0 42511 202656
c6_1 553982 2810892
c6_2 313706 1456368
c6_3 452904 1879868
c6_4 383543 1705444
c6_5 460474 2030196
c6_6 379519 1771580
c6_7 218882 962660
c6_8 40095 191216
c7_0 9140 37652
c7_1 107754 395488
c7_2 95704 389584
c7_3 96299 392528
c7_4 243816 1138120
c7_5 126817 468508
c7_6 94804 387424
c7_7 72561 306948
c7_8 6428 24568
c8_4 240 864
global 221 672
{
  "sourceSHA256": "67c6ff1f94bdaaa8a278437306beab0b3d94026a106b77e436f93b660dba57d9",
  "conversionSHA256": "a3e4dcf054fe4d26f50b98d7fbf47eb2a10a5efdf8c7c17d2e7a59c59904e823",
  "chunks": 75,
  "triangles": 1382106,
  "rawBytes": 111549072,
  "compressedBytes": 25563307,
  "semanticsBytes": 999862,
  "zoneManifestBytes": 31358,
  "assetCount": 24,
  "sourceUnchanged": true
}
