BAKE 0 / 33628 corners 24
BAKE 700 / 33628 corners 18663
BAKE 1400 / 33628 corners 43352
BAKE 2100 / 33628 corners 85957
BAKE 2800 / 33628 corners 102757
BAKE 3500 / 33628 corners 119557
BAKE 4200 / 33628 corners 236709
BAKE 4900 / 33628 corners 355559
BAKE 5600 / 33628 corners 610027
BAKE 6300 / 33628 corners 779277
BAKE 7000 / 33628 corners 909669
BAKE 7700 / 33628 corners 926167
BAKE 8400 / 33628 corners 959381
BAKE 9100 / 33628 corners 975131
BAKE 9800 / 33628 corners 990053
BAKE 10500 / 33628 corners 1007911
BAKE 11200 / 33628 corners 1025696
BAKE 11900 / 33628 corners 1042357
BAKE 12600 / 33628 corners 1058315
BAKE 13300 / 33628 corners 1074521
BAKE 14000 / 33628 corners 1091063
BAKE 14700 / 33628 corners 1108483
BAKE 15400 / 33628 corners 1125132
BAKE 16100 / 33628 corners 1141695
BAKE 16800 / 33628 corners 1160050
BAKE 17500 / 33628 corners 1180908
BAKE 18200 / 33628 corners 1198549
BAKE 18900 / 33628 corners 1214729
BAKE 19600 / 33628 corners 1231427
BAKE 20300 / 33628 corners 1248046
BAKE 21000 / 33628 corners 1265119
BAKE 21700 / 33628 corners 1281065
BAKE 22400 / 33628 corners 1297738
BAKE 23100 / 33628 corners 1314606
BAKE 23800 / 33628 corners 1331969
BAKE 24500 / 33628 corners 1349470
BAKE 25200 / 33628 corners 1365971
BAKE 25900 / 33628 corners 1381019
BAKE 26600 / 33628 corners 1398044
BAKE 27300 / 33628 corners 1429177
BAKE 28000 / 33628 corners 1452521
BAKE 28700 / 33628 corners 1468832
BAKE 29400 / 33628 corners 1495972
BAKE 30100 / 33628 corners 1517643
BAKE 30800 / 33628 corners 1536111
BAKE 31500 / 33628 corners 1553864
BAKE 32200 / 33628 corners 1570590
BAKE 32900 / 33628 corners 1587162
BAKE 33600 / 33628 corners 1604738
Info: Saved "wayfarer-spatial.blend"
Ground shadow bake is stale; export uses geometric fallback until rebaked
Exported 238 objects from authoring/wayfarer-spatial.blend to /workspace/Astraeon-online/world/v3/wayfarer-spatial.json
Baked 1605206 corners on 33628 meshes in 151.4 seconds
Blender 4.3.2
Read blend: "/workspace/Astraeon-online/authoring/wayfarer-spatial.blend"

Blender quit
