Ground shadow bake is stale; export uses geometric fallback until rebaked
GROUND BAKE 0 / 4096 seconds 0.0
GROUND BAKE 128 / 4096 seconds 1.4
GROUND BAKE 256 / 4096 seconds 3.1
GROUND BAKE 384 / 4096 seconds 11.3
GROUND BAKE 512 / 4096 seconds 22.0
GROUND BAKE 640 / 4096 seconds 34.9
GROUND BAKE 768 / 4096 seconds 49.1
GROUND BAKE 896 / 4096 seconds 63.0
GROUND BAKE 1024 / 4096 seconds 75.6
GROUND BAKE 1152 / 4096 seconds 88.7
GROUND BAKE 1280 / 4096 seconds 102.1
GROUND BAKE 1408 / 4096 seconds 117.7
GROUND BAKE 1536 / 4096 seconds 135.4
GROUND BAKE 1664 / 4096 seconds 148.3
GROUND BAKE 1792 / 4096 seconds 160.0
GROUND BAKE 1920 / 4096 seconds 170.6
GROUND BAKE 2048 / 4096 seconds 180.7
GROUND BAKE 2176 / 4096 seconds 190.1
GROUND BAKE 2304 / 4096 seconds 199.9
GROUND BAKE 2432 / 4096 seconds 210.0
GROUND BAKE 2560 / 4096 seconds 221.3
GROUND BAKE 2688 / 4096 seconds 231.2
GROUND BAKE 2816 / 4096 seconds 242.1
GROUND BAKE 2944 / 4096 seconds 253.4
GROUND BAKE 3072 / 4096 seconds 264.8
GROUND BAKE 3200 / 4096 seconds 273.7
GROUND BAKE 3328 / 4096 seconds 285.3
GROUND BAKE 3456 / 4096 seconds 295.4
GROUND BAKE 3584 / 4096 seconds 305.3
GROUND BAKE 3712 / 4096 seconds 319.5
GROUND BAKE 3840 / 4096 seconds 326.6
GROUND BAKE 3968 / 4096 seconds 328.6
Info: Saved "wayfarer-spatial.blend"
Exported 238 objects from authoring/wayfarer-spatial.blend to /workspace/Astraeon-online/world/v3/wayfarer-spatial.json
Saved native floor shadow bake 12624220 land pixels, 4364363 shadowed; 381.8 seconds
Blender 4.3.2
Read blend: "/workspace/Astraeon-online/authoring/wayfarer-spatial.blend"

Blender quit
