BAKE 0 / 10916 corners 24
BAKE 700 / 10916 corners 45076
BAKE 1400 / 10916 corners 92000
BAKE 2100 / 10916 corners 128509
BAKE 2800 / 10916 corners 145621
BAKE 3500 / 10916 corners 162277
BAKE 4200 / 10916 corners 178980
BAKE 4900 / 10916 corners 195790
BAKE 5600 / 10916 corners 212474
BAKE 6300 / 10916 corners 248248
BAKE 7000 / 10916 corners 268916
BAKE 7700 / 10916 corners 308386
BAKE 8400 / 10916 corners 339433
BAKE 9100 / 10916 corners 377449
BAKE 9800 / 10916 corners 384553
BAKE 10500 / 10916 corners 397153
Info: Saved "wayfarer-spatial.blend"
Ground shadow bake is stale; export uses geometric fallback until rebaked
Exported 119 objects from authoring/wayfarer-spatial.blend to /workspace/Astraeon-online/world/v3/wayfarer-spatial.json
Baked 412417 corners on 10916 meshes in 24.2 seconds
Blender 4.3.2
Read blend: "/workspace/Astraeon-online/authoring/wayfarer-spatial.blend"

Blender quit
