BAKE 0 / 34277 corners 24
BAKE 700 / 34277 corners 18663
BAKE 1400 / 34277 corners 43352
BAKE 2100 / 34277 corners 108871
BAKE 2800 / 34277 corners 125671
BAKE 3500 / 34277 corners 142471
BAKE 4200 / 34277 corners 269933
BAKE 4900 / 34277 corners 469160
BAKE 5600 / 34277 corners 541425
BAKE 6300 / 34277 corners 729398
BAKE 7000 / 34277 corners 866191
BAKE 7700 / 34277 corners 968290
BAKE 8400 / 34277 corners 984672
BAKE 9100 / 34277 corners 1018022
BAKE 9800 / 34277 corners 1034398
BAKE 10500 / 34277 corners 1050500
BAKE 11200 / 34277 corners 1066512
BAKE 11900 / 34277 corners 1084267
BAKE 12600 / 34277 corners 1101164
BAKE 13300 / 34277 corners 1117672
BAKE 14000 / 34277 corners 1133878
BAKE 14700 / 34277 corners 1149836
BAKE 15400 / 34277 corners 1167352
BAKE 16100 / 34277 corners 1184828
BAKE 16800 / 34277 corners 1200572
BAKE 17500 / 34277 corners 1220379
BAKE 18200 / 34277 corners 1239777
BAKE 18900 / 34277 corners 1257008
BAKE 19600 / 34277 corners 1274056
BAKE 20300 / 34277 corners 1290195
BAKE 21000 / 34277 corners 1306891
BAKE 21700 / 34277 corners 1323980
BAKE 22400 / 34277 corners 1341278
BAKE 23100 / 34277 corners 1358115
BAKE 23800 / 34277 corners 1373218
BAKE 24500 / 34277 corners 1390464
BAKE 25200 / 34277 corners 1408071
BAKE 25900 / 34277 corners 1424832
BAKE 26600 / 34277 corners 1440579
BAKE 27300 / 34277 corners 1456307
BAKE 28000 / 34277 corners 1489510
BAKE 28700 / 34277 corners 1510854
BAKE 29400 / 34277 corners 1528069
BAKE 30100 / 34277 corners 1555737
BAKE 30800 / 34277 corners 1577696
BAKE 31500 / 34277 corners 1595168
BAKE 32200 / 34277 corners 1612741
BAKE 32900 / 34277 corners 1629166
BAKE 33600 / 34277 corners 1646745
Info: Saved "wayfarer-spatial.blend"
Ground shadow bake is stale; export uses geometric fallback until rebaked
Exported 273 objects from authoring/wayfarer-spatial.blend to /workspace/Astraeon-online/world/v3/wayfarer-spatial.json
Baked 1662875 corners on 34277 meshes in 168.3 seconds
Blender 4.3.2
Read blend: "/workspace/Astraeon-online/authoring/wayfarer-spatial.blend"

Blender quit
