{
  "sourceSHA256": "461fc1142ab22989a3f8d3f3281924eebf7a0b5b714c110e7553c09ad2025275",
  "baselineCommit": "4f6b275",
  "baselineSHA256": "1a4efa50e8cb607bb40d4c15d12d834131b8cd7ca6ed699858ce5826b2afb771",
  "originalOwnersRetainedExceptDeclaredUVGrassLightAndOneVisitorTurn": 266,
  "originalCollidersAndGameplayExactExceptDeclaredVisitorTurn": true,
  "visitorRouteChanges": [
    "capital-plaza-life-herbalist-visitor"
  ],
  "publicTileScaleFactor": 1.8,
  "fullResolutionOriginalPavingHashVerified": true,
  "actualPublicUVsVerified": 265,
  "jointRootMeshError": 2.321226725143788e-05,
  "jointTuftsMoved": 398,
  "jointTuftsRemoved": 2,
  "allBladeRootsGroundedAndPhysicalFeetClear": true,
  "maximumPaintedJointLuma": 103.0,
  "newParklets": 6,
  "newVisibleTriangles": 5640,
  "triangleBudget": 7000,
  "roadsDoorsServicesAndResidentLoopsClear": true,
  "groundBakeSHA256": "91b133d6441f2fcd3f70d50919065a4567ee87bf8addc1431225347263b05342",
  "exportBytes": 95534526,
  "pass": true,
  "visualAcceptance": "Separate paired screenshot review required"
}
