{
  "beforeSourceSHA256": "1a4efa50e8cb607bb40d4c15d12d834131b8cd7ca6ed699858ce5826b2afb771",
  "baselineCommit": "4f6b275",
  "publicPaving": {
    "worldSizeBefore": 3.2,
    "worldSizeAfter": 5.76,
    "stoneScaleFactor": 1.7999999999999998,
    "detailBefore": 0.76,
    "detailAfter": 0.58,
    "image": "assets/wayfarer-street-stone-v70.webp",
    "originalImageSHA256": "ef36d39defc7765739ae277b502471b959c75308f33ca2838f437c413b6e1175"
  },
  "parklets": [
    {
      "id": "plaza-northwest",
      "position": [
        120.8,
        131.8,
        0.025
      ],
      "floor": "capital-royal-plaza",
      "benchPosition": [
        121.85,
        131.8,
        0.025
      ],
      "benchAngle": 1.5707963267948966,
      "height": 5.7,
      "treeRotation": 0.0,
      "planterRadius": 0.52
    },
    {
      "id": "plaza-northeast",
      "position": [
        134.6,
        133.9,
        0.025
      ],
      "floor": "capital-royal-plaza",
      "benchPosition": [
        134.6,
        134.95000000000002,
        0.025
      ],
      "benchAngle": 3.141592653589793,
      "height": 6.05,
      "treeRotation": 0.67,
      "planterRadius": 0.52
    },
    {
      "id": "plaza-southwest",
      "position": [
        120.5,
        155.0,
        0.025
      ],
      "floor": "capital-royal-plaza",
      "benchPosition": [
        120.5,
        153.95,
        0.025
      ],
      "benchAngle": 0,
      "height": 6.4,
      "treeRotation": 1.34,
      "planterRadius": 0.52
    },
    {
      "id": "plaza-southeast",
      "position": [
        134.9,
        153.2,
        0.025
      ],
      "floor": "capital-royal-plaza",
      "benchPosition": [
        134.9,
        152.14999999999998,
        0.025
      ],
      "benchAngle": 0,
      "height": 5.7,
      "treeRotation": 2.0100000000000002,
      "planterRadius": 0.52
    },
    {
      "id": "west-neighborhood-north",
      "position": [
        68.0,
        194.9,
        0.04
      ],
      "floor": "capital-private-64-192",
      "benchPosition": [
        66.95,
        194.9,
        0.04
      ],
      "benchAngle": 4.71238898038469,
      "height": 6.05,
      "treeRotation": 2.68,
      "planterRadius": 0.52
    },
    {
      "id": "west-neighborhood-south",
      "position": [
        91.7,
        202.2,
        0.04
      ],
      "floor": "capital-private-80-192",
      "benchPosition": [
        92.75,
        202.2,
        0.04
      ],
      "benchAngle": 1.5707963267948966,
      "height": 6.4,
      "treeRotation": 3.35,
      "planterRadius": 0.52
    }
  ],
  "removedJointTufts": 2,
  "entranceClearWidth": 2.2,
  "additionalTextures": 0,
  "triangleBudget": 7000,
  "visualAcceptance": "Pending paired gameplay comparisons"
}
