c-1_4 130 432
c0_0 8068 36304
c0_1 104801 376596
c0_2 93779 367840
c0_3 129052 462272
c0_4 274931 1274764
c0_5 94513 366148
c0_6 93194 366976
c0_7 72393 296612
c0_8 6546 25712
c1_0 41967 201296
c1_1 535349 2608680
c1_2 483661 2308988
c1_3 498448 2063248
c1_4 329053 1448220
c1_5 438857 1943824
c1_6 822201 3582520
c1_7 374226 1678832
c1_8 35441 189984
c2_0 37057 192976
c2_1 455650 2673564
c2_2 922641 3925832
c2_3 971987 3738788
c2_4 437164 1865884
c2_5 704568 2860288
c2_6 873712 3874324
c2_7 398865 1547084
c2_8 33896 181552
c3_0 41757 206992
c3_1 980460 4159812
c3_2 380283 1468724
c3_3 707328 3165460
c3_4 422121 1682308
c3_5 650092 2926872
c3_6 617156 2564320
c3_7 309813 1232040
c3_8 100351 393476
c4_0 44135 207472
c4_1 975193 4078152
c4_2 293425 1089472
c4_3 769308 3389512
c4_4 445789 1870300
c4_5 459549 1977872
c4_6 753070 3309568
c4_7 453936 1864208
c4_8 99283 394268
c5_0 37163 192976
c5_1 600276 3237300
c5_2 531763 2712080
c5_3 705468 3272484
c5_4 483208 1901004
c5_5 539124 2158740
c5_6 578866 2586764
c5_7 414115 1762836
c5_8 62432 270136
c6_0 42511 202656
c6_1 553988 2810892
c6_2 303297 1424100
c6_3 449500 1868048
c6_4 379779 1691620
c6_5 460467 2030196
c6_6 379512 1771580
c6_7 218881 962660
c6_8 40095 191216
c7_0 9140 37652
c7_1 107754 395488
c7_2 95704 389584
c7_3 96299 392528
c7_4 243818 1138120
c7_5 126817 468508
c7_6 94804 387424
c7_7 72561 306948
c7_8 6428 24568
c8_4 240 864
global 221 672
{
  "sourceSHA256": "461fc1142ab22989a3f8d3f3281924eebf7a0b5b714c110e7553c09ad2025275",
  "conversionSHA256": "a3e4dcf054fe4d26f50b98d7fbf47eb2a10a5efdf8c7c17d2e7a59c59904e823",
  "chunks": 75,
  "triangles": 1377447,
  "rawBytes": 111030012,
  "compressedBytes": 25409430,
  "semanticsBytes": 985520,
  "zoneManifestBytes": 31358,
  "assetCount": 24,
  "sourceUnchanged": true
}
