{
  "sourceSHA256": "01983f97781fb1f6d02bebda134a33d678ff75102d0a99b04e2b218bf0b74207",
  "architectureRevision": 76,
  "totalBuildings": 158,
  "retainedOriginals": 37,
  "newBuildings": 121,
  "familyCounts": {
    "front-gable": 16,
    "half-hip": 21,
    "craft-lodge": 13,
    "guild-mansard": 14,
    "cross-gable": 24,
    "oriel-house": 19,
    "twin-gable": 6,
    "gallery-villa": 4,
    "merchant-hall": 4
  },
  "consolidatedPlotPairs": 14,
  "actualDoorPlanesVerified": 121,
  "minimumVisibleBuildingGap": 0.7648951169716696,
  "streetsClear": true,
  "civicSilhouettes": [
    {
      "id": "capital-council-chambers",
      "type": "hipped-palazzo",
      "roofHeights": [
        12.35,
        18.85,
        21.3,
        24.9
      ]
    },
    {
      "id": "capital-grand-archive",
      "type": "rose-nave-and-stair-tower",
      "roofHeights": [
        9.0,
        12.6,
        13.4,
        20.7,
        23.3,
        28.8
      ]
    },
    {
      "id": "capital-trade-exchange",
      "type": "long-market-hall-and-belfry",
      "roofHeights": [
        8.15,
        13.45,
        18.3,
        22.3
      ]
    }
  ],
  "distinctMeasuredBuildingHeights": 46,
  "visibleStaticTriangles": 958400,
  "meshCorners": 2230108,
  "exportBytes": 99083478,
  "pass": true,
  "visualAcceptance": "Requires actual gameplay image review; structural checks are not visual acceptance",
  "newHousingTriangles": 367458,
  "resourceComparison": {
    "baselineSourceSHA256": "a4933847937f633ef9a27751c9ca306f3684f1b41f24b42409e8e5d382397850",
    "staticTriangleReductionPercent": 1.5,
    "housingTriangleReductionPercent": 12.81,
    "exportReductionPercent": 1.45,
    "nativeResolutionAndMaterialsRetained": true
  }
}
