BAKE 0 / 38020 corners 24
BAKE 700 / 38020 corners 18663
BAKE 1400 / 38020 corners 43352
BAKE 2100 / 38020 corners 108871
BAKE 2800 / 38020 corners 125671
BAKE 3500 / 38020 corners 142471
BAKE 4200 / 38020 corners 264793
BAKE 4900 / 38020 corners 311385
BAKE 5600 / 38020 corners 471632
BAKE 6300 / 38020 corners 486612
BAKE 7000 / 38020 corners 540352
BAKE 7700 / 38020 corners 646507
BAKE 8400 / 38020 corners 729532
BAKE 9100 / 38020 corners 771812
BAKE 9800 / 38020 corners 831169
BAKE 10500 / 38020 corners 906639
BAKE 11200 / 38020 corners 998387
BAKE 11900 / 38020 corners 1015255
BAKE 12600 / 38020 corners 1047741
BAKE 13300 / 38020 corners 1064033
BAKE 14000 / 38020 corners 1079473
BAKE 14700 / 38020 corners 1097229
BAKE 15400 / 38020 corners 1114428
BAKE 16100 / 38020 corners 1130825
BAKE 16800 / 38020 corners 1147171
BAKE 17500 / 38020 corners 1163369
BAKE 18200 / 38020 corners 1178983
BAKE 18900 / 38020 corners 1196145
BAKE 19600 / 38020 corners 1213115
BAKE 20300 / 38020 corners 1230803
BAKE 21000 / 38020 corners 1248386
BAKE 21700 / 38020 corners 1270008
BAKE 22400 / 38020 corners 1287619
BAKE 23100 / 38020 corners 1303473
BAKE 23800 / 38020 corners 1319410
BAKE 24500 / 38020 corners 1335999
BAKE 25200 / 38020 corners 1352517
BAKE 25900 / 38020 corners 1370249
BAKE 26600 / 38020 corners 1387620
BAKE 27300 / 38020 corners 1404144
BAKE 28000 / 38020 corners 1421222
BAKE 28700 / 38020 corners 1437794
BAKE 29400 / 38020 corners 1454012
BAKE 30100 / 38020 corners 1470279
BAKE 30800 / 38020 corners 1487908
BAKE 31500 / 38020 corners 1513511
BAKE 32200 / 38020 corners 1542549
BAKE 32900 / 38020 corners 1557808
BAKE 33600 / 38020 corners 1581743
BAKE 34300 / 38020 corners 1607000
BAKE 35000 / 38020 corners 1624823
BAKE 35700 / 38020 corners 1642232
BAKE 36400 / 38020 corners 1660075
BAKE 37100 / 38020 corners 1676454
BAKE 37800 / 38020 corners 1693160
Info: Saved "wayfarer-spatial.blend"
Ground shadow bake is stale; export uses geometric fallback until rebaked
Exported 285 objects from authoring/wayfarer-spatial.blend to /workspace/Astraeon-online/world/v3/wayfarer-spatial.json
Baked 1698548 corners on 38020 meshes in 179.2 seconds
Blender 4.3.2
Read blend: "/workspace/Astraeon-online/authoring/wayfarer-spatial.blend"

Blender quit
