Ground shadow bake is stale; export uses geometric fallback until rebaked
GROUND BAKE 0 / 4096 seconds 0.0
GROUND BAKE 128 / 4096 seconds 1.8
GROUND BAKE 256 / 4096 seconds 3.8
GROUND BAKE 384 / 4096 seconds 13.7
GROUND BAKE 512 / 4096 seconds 23.0
GROUND BAKE 640 / 4096 seconds 37.3
GROUND BAKE 768 / 4096 seconds 54.0
GROUND BAKE 896 / 4096 seconds 69.7
GROUND BAKE 1024 / 4096 seconds 86.5
GROUND BAKE 1152 / 4096 seconds 99.3
GROUND BAKE 1280 / 4096 seconds 110.8
GROUND BAKE 1408 / 4096 seconds 129.1
GROUND BAKE 1536 / 4096 seconds 144.6
GROUND BAKE 1664 / 4096 seconds 155.2
GROUND BAKE 1792 / 4096 seconds 168.1
GROUND BAKE 1920 / 4096 seconds 181.3
GROUND BAKE 2048 / 4096 seconds 193.8
GROUND BAKE 2176 / 4096 seconds 206.1
GROUND BAKE 2304 / 4096 seconds 220.3
GROUND BAKE 2432 / 4096 seconds 233.1
GROUND BAKE 2560 / 4096 seconds 246.0
GROUND BAKE 2688 / 4096 seconds 256.8
GROUND BAKE 2816 / 4096 seconds 269.7
GROUND BAKE 2944 / 4096 seconds 284.4
GROUND BAKE 3072 / 4096 seconds 296.5
GROUND BAKE 3200 / 4096 seconds 307.9
GROUND BAKE 3328 / 4096 seconds 323.2
GROUND BAKE 3456 / 4096 seconds 336.4
GROUND BAKE 3584 / 4096 seconds 346.4
GROUND BAKE 3712 / 4096 seconds 354.4
GROUND BAKE 3840 / 4096 seconds 361.9
GROUND BAKE 3968 / 4096 seconds 363.8
Info: Saved "wayfarer-spatial.blend"
Exported 285 objects from authoring/wayfarer-spatial.blend to /workspace/Astraeon-online/world/v3/wayfarer-spatial.json
Saved native floor shadow bake 12624220 land pixels, 5741333 shadowed; 408.1 seconds
Blender 4.3.2
Read blend: "/workspace/Astraeon-online/authoring/wayfarer-spatial.blend"

Blender quit
