c-1_4 130 432
c0_0 8068 36304
c0_1 104785 376596
c0_2 93840 367840
c0_3 129056 462272
c0_4 279347 1288108
c0_5 94528 366148
c0_6 93191 366976
c0_7 72404 296612
c0_8 6546 25712
c1_0 41967 201296
c1_1 543189 2634060
c1_2 483672 2308988
c1_3 546266 2186020
c1_4 376843 1587216
c1_5 532512 2310552
c1_6 841032 3638372
c1_7 379543 1692356
c1_8 35441 189984
c2_0 37057 192976
c2_1 455654 2673564
c2_2 922658 3925832
c2_3 991076 3792692
c2_4 445240 1892572
c2_5 793241 3167408
c2_6 1039398 4384540
c2_7 405162 1570952
c2_8 33896 181552
c3_0 41757 206992
c3_1 980460 4159812
c3_2 382589 1468724
c3_3 707429 3165460
c3_4 492522 1958212
c3_5 672202 3034632
c3_6 687878 2759424
c3_7 319478 1258664
c3_8 101447 393476
c4_0 44135 207472
c4_1 975196 4078152
c4_2 295624 1089472
c4_3 778750 3421780
c4_4 465610 1879720
c4_5 546137 2222292
c4_6 789777 3414680
c4_7 471321 1906356
c4_8 100437 394268
c5_0 37163 192976
c5_1 610841 3274236
c5_2 533719 2726168
c5_3 705477 3272484
c5_4 483214 1901004
c5_5 541166 2167060
c5_6 627328 2737860
c5_7 433412 1819224
c5_8 62452 270136
c6_0 42511 202656
c6_1 553984 2810892
c6_2 313706 1456368
c6_3 452904 1879868
c6_4 383543 1705444
c6_5 460476 2030196
c6_6 380217 1774324
c6_7 219663 966908
c6_8 40095 191216
c7_0 9140 37652
c7_1 107826 395488
c7_2 95717 389584
c7_3 96380 392528
c7_4 243841 1138120
c7_5 126892 468508
c7_6 94803 387424
c7_7 72590 306948
c7_8 6428 24568
c8_4 240 864
global 221 672
{
  "sourceSHA256": "01983f97781fb1f6d02bebda134a33d678ff75102d0a99b04e2b218bf0b74207",
  "conversionSHA256": "a3e4dcf054fe4d26f50b98d7fbf47eb2a10a5efdf8c7c17d2e7a59c59904e823",
  "chunks": 75,
  "triangles": 1409307,
  "rawBytes": 114058896,
  "compressedBytes": 26374440,
  "semanticsBytes": 1008437,
  "zoneManifestBytes": 31944,
  "assetCount": 24,
  "sourceUnchanged": true
}
